Product: MDK-ARM Professional 5.10
Component: ARM Compiler 5.04 update 1 (build 49)
Tool: armlink [5040049]

==============================================================================

Section Cross References

    main.o(.text) refers to stm32f10x_gpio.o(.text) for GPIO_ResetBits
    main.o(.text) refers to delay.o(.text) for delayms
    main.o(.text) refers to stm32f10x_usart.o(.text) for USART_GetFlagStatus
    main.o(.text) refers to motorcontrol.o(.text) for get_ball
    main.o(.text) refers to faddsub_clz.o(x$fpl$fadd) for __aeabi_fadd
    main.o(.text) refers to bsp_usart1.o(.text) for USART1_SendChar
    main.o(.text) refers to rt_memclr_w.o(.text) for __aeabi_memclr4
    main.o(.text) refers to bsp.o(.text) for BSPINIT
    main.o(.text) refers to queue.o(.text) for queue_init
    main.o(.text) refers to main.o(.data) for noselect
    main.o(.text) refers to main.o(.bss) for rx_queue
    main.o(.text) refers to rt_memcpy_w.o(.text) for __aeabi_memcpy4
    delay.o(.text) refers to delay.o(.data) for fac_us
    stm32f10x_it.o(.text) refers to stm32f10x_tim.o(.text) for TIM_GetITStatus
    stm32f10x_it.o(.text) refers to motorcontrol.o(.text) for direction
    stm32f10x_it.o(.text) refers to stm32f10x_it.o(.data) for count
    stm32f10x_it.o(.text) refers to motorcontrol.o(.data) for step
    stm32f10x_it.o(.text) refers to main.o(.data) for hehe
    startup_stm32f10x_hd.o(STACK) refers (Special) to heapauxi.o(.text) for __use_two_region_memory
    startup_stm32f10x_hd.o(HEAP) refers (Special) to heapauxi.o(.text) for __use_two_region_memory
    startup_stm32f10x_hd.o(RESET) refers (Special) to heapauxi.o(.text) for __use_two_region_memory
    startup_stm32f10x_hd.o(RESET) refers to startup_stm32f10x_hd.o(STACK) for __initial_sp
    startup_stm32f10x_hd.o(RESET) refers to startup_stm32f10x_hd.o(.text) for Reset_Handler
    startup_stm32f10x_hd.o(RESET) refers to stm32f10x_it.o(.text) for TIM3_IRQHandler
    startup_stm32f10x_hd.o(RESET) refers to bsp_usart1.o(.text) for USART1_IRQHandler
    startup_stm32f10x_hd.o(.text) refers (Special) to heapauxi.o(.text) for __use_two_region_memory
    startup_stm32f10x_hd.o(.text) refers to system_stm32f10x.o(.text) for SystemInit
    startup_stm32f10x_hd.o(.text) refers to __main.o(!!!main) for __main
    startup_stm32f10x_hd.o(.text) refers to startup_stm32f10x_hd.o(HEAP) for Heap_Mem
    startup_stm32f10x_hd.o(.text) refers to startup_stm32f10x_hd.o(STACK) for Stack_Mem
    system_stm32f10x.o(.text) refers to system_stm32f10x.o(.data) for SystemCoreClock
    stm32f10x_gpio.o(.text) refers to stm32f10x_rcc.o(.text) for RCC_APB2PeriphResetCmd
    stm32f10x_rcc.o(.text) refers to stm32f10x_rcc.o(.data) for APBAHBPrescTable
    stm32f10x_usart.o(.text) refers to stm32f10x_rcc.o(.text) for RCC_APB2PeriphResetCmd
    stm32f10x_tim.o(.text) refers to stm32f10x_rcc.o(.text) for RCC_APB2PeriphResetCmd
    stm32f10x_adc.o(.text) refers to stm32f10x_rcc.o(.text) for RCC_APB2PeriphResetCmd
    bsp.o(.text) refers to stm32f10x_rcc.o(.text) for RCC_APB2PeriphClockCmd
    bsp.o(.text) refers to stm32f10x_gpio.o(.text) for GPIO_Init
    bsp.o(.text) refers to stm32f10x_tim.o(.text) for TIM_TimeBaseInit
    bsp.o(.text) refers to misc.o(.text) for NVIC_Init
    bsp.o(.text) refers to stm32f10x_adc.o(.text) for ADC_DeInit
    bsp.o(.text) refers to delay.o(.text) for delayms
    bsp.o(.text) refers to bsp.o(.data) for GPIO_InitStructure
    bsp.o(.text) refers to bsp.o(.bss) for TIM_TimeBaseStructure
    bsp.o(.text) refers to motorcontrol.o(.data) for flag
    motorcontrol.o(.text) refers to stm32f10x_gpio.o(.text) for GPIO_SetBits
    motorcontrol.o(.text) refers to stm32f10x_tim.o(.text) for TIM_Cmd
    motorcontrol.o(.text) refers to bsp_usart1.o(.text) for USART1_SendChar
    motorcontrol.o(.text) refers to bsp.o(.text) for TIM8_PWM_Init
    motorcontrol.o(.text) refers to delay.o(.text) for delayms
    motorcontrol.o(.text) refers to motorcontrol.o(.data) for step
    queue.o(.text) refers to rt_memclr_w.o(.text) for __aeabi_memclr4
    bsp_usart1.o(.text) refers to stm32f10x_rcc.o(.text) for RCC_APB2PeriphClockCmd
    bsp_usart1.o(.text) refers to stm32f10x_usart.o(.text) for USART_DeInit
    bsp_usart1.o(.text) refers to stm32f10x_gpio.o(.text) for GPIO_Init
    bsp_usart1.o(.text) refers to misc.o(.text) for NVIC_Init
    bsp_usart1.o(.text) refers to rt_memcpy_w.o(.text) for __aeabi_memcpy4
    bsp_usart1.o(.text) refers to queue.o(.text) for queue_full
    bsp_usart1.o(.text) refers to main.o(.bss) for rx_queue
    bsp_usart1.o(.text) refers to bsp_usart1.o(.data) for xx
    __main.o(!!!main) refers to rtentry.o(.ARM.Collect$$rtentry$$00000000) for __rt_entry
    faddsub_clz.o(x$fpl$fadd) refers (Special) to usenofp.o(x$fpl$usenofp) for __I$use$fp
    faddsub_clz.o(x$fpl$fadd) refers to faddsub_clz.o(x$fpl$fsub) for _fsub1
    faddsub_clz.o(x$fpl$fadd) refers to fretinf.o(x$fpl$fretinf) for __fpl_fretinf
    faddsub_clz.o(x$fpl$fadd) refers to fnaninf.o(x$fpl$fnaninf) for __fpl_fnaninf
    faddsub_clz.o(x$fpl$frsb) refers (Special) to usenofp.o(x$fpl$usenofp) for __I$use$fp
    faddsub_clz.o(x$fpl$frsb) refers to faddsub_clz.o(x$fpl$fadd) for _fadd1
    faddsub_clz.o(x$fpl$frsb) refers to faddsub_clz.o(x$fpl$fsub) for _fsub1
    faddsub_clz.o(x$fpl$fsub) refers (Special) to usenofp.o(x$fpl$usenofp) for __I$use$fp
    faddsub_clz.o(x$fpl$fsub) refers to faddsub_clz.o(x$fpl$fadd) for _fadd1
    faddsub_clz.o(x$fpl$fsub) refers to fnaninf.o(x$fpl$fnaninf) for __fpl_fnaninf
    rtentry.o(.ARM.Collect$$rtentry$$00000000) refers (Special) to rtentry2.o(.ARM.Collect$$rtentry$$0000000A) for __rt_entry_li
    rtentry.o(.ARM.Collect$$rtentry$$00000000) refers (Special) to rtentry2.o(.ARM.Collect$$rtentry$$0000000D) for __rt_entry_main
    rtentry.o(.ARM.Collect$$rtentry$$00000000) refers (Special) to rtentry2.o(.ARM.Collect$$rtentry$$0000000C) for __rt_entry_postli_1
    rtentry.o(.ARM.Collect$$rtentry$$00000000) refers (Special) to rtentry2.o(.ARM.Collect$$rtentry$$00000009) for __rt_entry_postsh_1
    rtentry.o(.ARM.Collect$$rtentry$$00000000) refers (Special) to rtentry2.o(.ARM.Collect$$rtentry$$00000002) for __rt_entry_presh_1
    rtentry.o(.ARM.Collect$$rtentry$$00000000) refers (Special) to rtentry4.o(.ARM.Collect$$rtentry$$00000004) for __rt_entry_sh
    fnaninf.o(x$fpl$fnaninf) refers (Special) to usenofp.o(x$fpl$usenofp) for __I$use$fp
    fretinf.o(x$fpl$fretinf) refers (Special) to usenofp.o(x$fpl$usenofp) for __I$use$fp
    rtentry2.o(.ARM.Collect$$rtentry$$00000008) refers to boardinit2.o(.text) for _platform_post_stackheap_init
    rtentry2.o(.ARM.Collect$$rtentry$$0000000A) refers to libinit.o(.ARM.Collect$$libinit$$00000000) for __rt_lib_init
    rtentry2.o(.ARM.Collect$$rtentry$$0000000B) refers to boardinit3.o(.text) for _platform_post_lib_init
    rtentry2.o(.ARM.Collect$$rtentry$$0000000D) refers to main.o(.text) for main
    rtentry2.o(.ARM.Collect$$rtentry$$0000000D) refers to exit.o(.text) for exit
    rtentry2.o(.ARM.exidx) refers to rtentry2.o(.ARM.Collect$$rtentry$$00000001) for .ARM.Collect$$rtentry$$00000001
    rtentry2.o(.ARM.exidx) refers to rtentry2.o(.ARM.Collect$$rtentry$$00000008) for .ARM.Collect$$rtentry$$00000008
    rtentry2.o(.ARM.exidx) refers to rtentry2.o(.ARM.Collect$$rtentry$$0000000A) for .ARM.Collect$$rtentry$$0000000A
    rtentry2.o(.ARM.exidx) refers to rtentry2.o(.ARM.Collect$$rtentry$$0000000B) for .ARM.Collect$$rtentry$$0000000B
    rtentry2.o(.ARM.exidx) refers to rtentry2.o(.ARM.Collect$$rtentry$$0000000D) for .ARM.Collect$$rtentry$$0000000D
    rtentry4.o(.ARM.Collect$$rtentry$$00000004) refers to sys_stackheap_outer.o(.text) for __user_setup_stackheap
    rtentry4.o(.ARM.exidx) refers to rtentry4.o(.ARM.Collect$$rtentry$$00000004) for .ARM.Collect$$rtentry$$00000004
    sys_stackheap_outer.o(.text) refers to libspace.o(.text) for __user_perproc_libspace
    sys_stackheap_outer.o(.text) refers to startup_stm32f10x_hd.o(.text) for __user_initial_stackheap
    exit.o(.text) refers to rtexit.o(.ARM.Collect$$rtexit$$00000000) for __rt_exit
    libinit.o(.ARM.Collect$$libinit$$00000000) refers (Special) to libinit2.o(.ARM.Collect$$libinit$$0000002C) for __rt_lib_init_alloca_1
    libinit.o(.ARM.Collect$$libinit$$00000000) refers (Special) to libinit2.o(.ARM.Collect$$libinit$$0000002A) for __rt_lib_init_argv_1
    libinit.o(.ARM.Collect$$libinit$$00000000) refers (Special) to libinit2.o(.ARM.Collect$$libinit$$00000019) for __rt_lib_init_atexit_1
    libinit.o(.ARM.Collect$$libinit$$00000000) refers (Special) to libinit2.o(.ARM.Collect$$libinit$$0000001F) for __rt_lib_init_clock_1
    libinit.o(.ARM.Collect$$libinit$$00000000) refers (Special) to libinit2.o(.ARM.Collect$$libinit$$00000030) for __rt_lib_init_cpp_1
    libinit.o(.ARM.Collect$$libinit$$00000000) refers (Special) to libinit2.o(.ARM.Collect$$libinit$$0000002E) for __rt_lib_init_exceptions_1
    libinit.o(.ARM.Collect$$libinit$$00000000) refers (Special) to libinit2.o(.ARM.Collect$$libinit$$00000002) for __rt_lib_init_fp_1
    libinit.o(.ARM.Collect$$libinit$$00000000) refers (Special) to libinit2.o(.ARM.Collect$$libinit$$0000001D) for __rt_lib_init_fp_trap_1
    libinit.o(.ARM.Collect$$libinit$$00000000) refers (Special) to libinit2.o(.ARM.Collect$$libinit$$00000021) for __rt_lib_init_getenv_1
    libinit.o(.ARM.Collect$$libinit$$00000000) refers (Special) to libinit2.o(.ARM.Collect$$libinit$$00000008) for __rt_lib_init_heap_1
    libinit.o(.ARM.Collect$$libinit$$00000000) refers (Special) to libinit2.o(.ARM.Collect$$libinit$$0000000F) for __rt_lib_init_lc_collate_1
    libinit.o(.ARM.Collect$$libinit$$00000000) refers (Special) to libinit2.o(.ARM.Collect$$libinit$$00000011) for __rt_lib_init_lc_ctype_1
    libinit.o(.ARM.Collect$$libinit$$00000000) refers (Special) to libinit2.o(.ARM.Collect$$libinit$$00000013) for __rt_lib_init_lc_monetary_1
    libinit.o(.ARM.Collect$$libinit$$00000000) refers (Special) to libinit2.o(.ARM.Collect$$libinit$$00000015) for __rt_lib_init_lc_numeric_1
    libinit.o(.ARM.Collect$$libinit$$00000000) refers (Special) to libinit2.o(.ARM.Collect$$libinit$$00000017) for __rt_lib_init_lc_time_1
    libinit.o(.ARM.Collect$$libinit$$00000000) refers (Special) to libinit2.o(.ARM.Collect$$libinit$$0000000C) for __rt_lib_init_rand_1
    libinit.o(.ARM.Collect$$libinit$$00000000) refers (Special) to libinit2.o(.ARM.Collect$$libinit$$00000031) for __rt_lib_init_return
    libinit.o(.ARM.Collect$$libinit$$00000000) refers (Special) to libinit2.o(.ARM.Collect$$libinit$$0000001B) for __rt_lib_init_signal_1
    libinit.o(.ARM.Collect$$libinit$$00000000) refers (Special) to libinit2.o(.ARM.Collect$$libinit$$00000023) for __rt_lib_init_stdio_1
    libinit.o(.ARM.Collect$$libinit$$00000000) refers (Special) to libinit2.o(.ARM.Collect$$libinit$$0000000A) for __rt_lib_init_user_alloc_1
    libspace.o(.text) refers to libspace.o(.bss) for __libspace_start
    rtexit.o(.ARM.Collect$$rtexit$$00000000) refers (Special) to rtexit2.o(.ARM.Collect$$rtexit$$00000004) for __rt_exit_exit
    rtexit.o(.ARM.Collect$$rtexit$$00000000) refers (Special) to rtexit2.o(.ARM.Collect$$rtexit$$00000003) for __rt_exit_ls
    rtexit.o(.ARM.Collect$$rtexit$$00000000) refers (Special) to rtexit2.o(.ARM.Collect$$rtexit$$00000002) for __rt_exit_prels_1
    rtexit.o(.ARM.exidx) refers (Special) to rtexit2.o(.ARM.Collect$$rtexit$$00000004) for __rt_exit_exit
    rtexit.o(.ARM.exidx) refers (Special) to rtexit2.o(.ARM.Collect$$rtexit$$00000003) for __rt_exit_ls
    rtexit.o(.ARM.exidx) refers (Special) to rtexit2.o(.ARM.Collect$$rtexit$$00000002) for __rt_exit_prels_1
    rtexit.o(.ARM.exidx) refers to rtexit.o(.ARM.Collect$$rtexit$$00000000) for .ARM.Collect$$rtexit$$00000000
    libinit2.o(.ARM.Collect$$libinit$$0000000E) refers to libinit2.o(.ARM.Collect$$libinit$$0000000D) for .ARM.Collect$$libinit$$0000000D
    libinit2.o(.ARM.Collect$$libinit$$00000010) refers to libinit2.o(.ARM.Collect$$libinit$$0000000D) for .ARM.Collect$$libinit$$0000000D
    libinit2.o(.ARM.Collect$$libinit$$00000012) refers to libinit2.o(.ARM.Collect$$libinit$$0000000D) for .ARM.Collect$$libinit$$0000000D
    libinit2.o(.ARM.Collect$$libinit$$00000014) refers to libinit2.o(.ARM.Collect$$libinit$$0000000D) for .ARM.Collect$$libinit$$0000000D
    libinit2.o(.ARM.Collect$$libinit$$00000016) refers to libinit2.o(.ARM.Collect$$libinit$$0000000D) for .ARM.Collect$$libinit$$0000000D
    libinit2.o(.ARM.Collect$$libinit$$00000024) refers to argv_veneer.o(.emb_text) for __ARM_argv_veneer
    libinit2.o(.ARM.Collect$$libinit$$00000025) refers to argv_veneer.o(.emb_text) for __ARM_argv_veneer
    rtexit2.o(.ARM.Collect$$rtexit$$00000003) refers to libshutdown.o(.ARM.Collect$$libshutdown$$00000000) for __rt_lib_shutdown
    rtexit2.o(.ARM.Collect$$rtexit$$00000004) refers to sys_exit.o(.text) for _sys_exit
    rtexit2.o(.ARM.exidx) refers to rtexit2.o(.ARM.Collect$$rtexit$$00000001) for .ARM.Collect$$rtexit$$00000001
    rtexit2.o(.ARM.exidx) refers to rtexit2.o(.ARM.Collect$$rtexit$$00000003) for .ARM.Collect$$rtexit$$00000003
    rtexit2.o(.ARM.exidx) refers to rtexit2.o(.ARM.Collect$$rtexit$$00000004) for .ARM.Collect$$rtexit$$00000004
    argv_veneer.o(.emb_text) refers to no_argv.o(.text) for __ARM_get_argv
    sys_exit.o(.text) refers (Special) to use_no_semi.o(.text) for __I$use$semihosting
    sys_exit.o(.text) refers (Special) to indicate_semi.o(.text) for __semihosting_library_function
    _get_argv_nomalloc.o(.text) refers (Special) to hrguard.o(.text) for __heap_region$guard
    _get_argv_nomalloc.o(.text) refers to defsig_rtmem_outer.o(.text) for __rt_SIGRTMEM
    _get_argv_nomalloc.o(.text) refers to sys_command.o(.text) for _sys_command_string
    libshutdown.o(.ARM.Collect$$libshutdown$$00000000) refers (Special) to libshutdown2.o(.ARM.Collect$$libshutdown$$00000006) for __rt_lib_shutdown_fp_trap_1
    libshutdown.o(.ARM.Collect$$libshutdown$$00000000) refers (Special) to libshutdown2.o(.ARM.Collect$$libshutdown$$0000000E) for __rt_lib_shutdown_heap_1
    libshutdown.o(.ARM.Collect$$libshutdown$$00000000) refers (Special) to libshutdown2.o(.ARM.Collect$$libshutdown$$0000000F) for __rt_lib_shutdown_return
    libshutdown.o(.ARM.Collect$$libshutdown$$00000000) refers (Special) to libshutdown2.o(.ARM.Collect$$libshutdown$$00000009) for __rt_lib_shutdown_signal_1
    libshutdown.o(.ARM.Collect$$libshutdown$$00000000) refers (Special) to libshutdown2.o(.ARM.Collect$$libshutdown$$00000003) for __rt_lib_shutdown_stdio_1
    libshutdown.o(.ARM.Collect$$libshutdown$$00000000) refers (Special) to libshutdown2.o(.ARM.Collect$$libshutdown$$0000000B) for __rt_lib_shutdown_user_alloc_1
    sys_command.o(.text) refers (Special) to use_no_semi.o(.text) for __I$use$semihosting
    sys_command.o(.text) refers (Special) to indicate_semi.o(.text) for __semihosting_library_function
    defsig_rtmem_outer.o(.text) refers to defsig_rtmem_inner.o(.text) for __rt_SIGRTMEM_inner
    defsig_rtmem_outer.o(.text) refers to defsig_exit.o(.text) for __sig_exit
    defsig_rtmem_formal.o(.text) refers to rt_raise.o(.text) for __rt_raise
    rt_raise.o(.text) refers to __raise.o(.text) for __raise
    rt_raise.o(.text) refers to sys_exit.o(.text) for _sys_exit
    defsig_exit.o(.text) refers to sys_exit.o(.text) for _sys_exit
    defsig_rtmem_inner.o(.text) refers to defsig_general.o(.text) for __default_signal_display
    __raise.o(.text) refers to defsig.o(CL$$defsig) for __default_signal_handler
    defsig_general.o(.text) refers to sys_wrch.o(.text) for _ttywrch
    sys_wrch.o(.text) refers (Special) to use_no_semi.o(.text) for __I$use$semihosting
    sys_wrch.o(.text) refers (Special) to indicate_semi.o(.text) for __semihosting_library_function
    defsig.o(CL$$defsig) refers to defsig_rtmem_inner.o(.text) for __rt_SIGRTMEM_inner
    defsig_abrt_inner.o(.text) refers to defsig_general.o(.text) for __default_signal_display
    defsig_fpe_inner.o(.text) refers to defsig_general.o(.text) for __default_signal_display
    defsig_rtred_inner.o(.text) refers to defsig_general.o(.text) for __default_signal_display
    defsig_stak_inner.o(.text) refers to defsig_general.o(.text) for __default_signal_display
    defsig_pvfn_inner.o(.text) refers to defsig_general.o(.text) for __default_signal_display
    defsig_cppl_inner.o(.text) refers to defsig_general.o(.text) for __default_signal_display
    defsig_segv_inner.o(.text) refers to defsig_general.o(.text) for __default_signal_display
    defsig_other.o(.text) refers to defsig_general.o(.text) for __default_signal_display


==============================================================================

Removing Unused input sections from the image.

    Removing core_cm3.o(.emb_text), (32 bytes).

1 unused section(s) (total 32 bytes) removed from the image.

==============================================================================

Image Symbol Table

    Local Symbols

    Symbol Name                              Value     Ov Type        Size  Object(Section)

    ../clib/angel/boardlib.s                 0x00000000   Number         0  boardinit1.o ABSOLUTE
    ../clib/angel/boardlib.s                 0x00000000   Number         0  boardinit3.o ABSOLUTE
    ../clib/angel/boardlib.s                 0x00000000   Number         0  boardinit2.o ABSOLUTE
    ../clib/angel/boardlib.s                 0x00000000   Number         0  boardshut.o ABSOLUTE
    ../clib/angel/handlers.s                 0x00000000   Number         0  __scatter_copy.o ABSOLUTE
    ../clib/angel/handlers.s                 0x00000000   Number         0  __scatter_zi.o ABSOLUTE
    ../clib/angel/kernel.s                   0x00000000   Number         0  rtentry.o ABSOLUTE
    ../clib/angel/kernel.s                   0x00000000   Number         0  rtentry2.o ABSOLUTE
    ../clib/angel/kernel.s                   0x00000000   Number         0  rtexit.o ABSOLUTE
    ../clib/angel/kernel.s                   0x00000000   Number         0  rtentry4.o ABSOLUTE
    ../clib/angel/kernel.s                   0x00000000   Number         0  rtexit2.o ABSOLUTE
    ../clib/angel/rt.s                       0x00000000   Number         0  rt_raise.o ABSOLUTE
    ../clib/angel/scatter.s                  0x00000000   Number         0  __scatter.o ABSOLUTE
    ../clib/angel/startup.s                  0x00000000   Number         0  __main.o ABSOLUTE
    ../clib/angel/sys.s                      0x00000000   Number         0  libspace.o ABSOLUTE
    ../clib/angel/sys.s                      0x00000000   Number         0  use_no_semi.o ABSOLUTE
    ../clib/angel/sys.s                      0x00000000   Number         0  indicate_semi.o ABSOLUTE
    ../clib/angel/sys.s                      0x00000000   Number         0  sys_stackheap_outer.o ABSOLUTE
    ../clib/angel/sysapp.c                   0x00000000   Number         0  sys_command.o ABSOLUTE
    ../clib/angel/sysapp.c                   0x00000000   Number         0  sys_wrch.o ABSOLUTE
    ../clib/angel/sysapp.c                   0x00000000   Number         0  sys_exit.o ABSOLUTE
    ../clib/armsys.c                         0x00000000   Number         0  argv_veneer.o ABSOLUTE
    ../clib/armsys.c                         0x00000000   Number         0  argv_veneer.o ABSOLUTE
    ../clib/armsys.c                         0x00000000   Number         0  no_argv.o ABSOLUTE
    ../clib/armsys.c                         0x00000000   Number         0  _get_argv_nomalloc.o ABSOLUTE
    ../clib/heapalloc.c                      0x00000000   Number         0  hrguard.o ABSOLUTE
    ../clib/heapaux.c                        0x00000000   Number         0  heapauxi.o ABSOLUTE
    ../clib/libinit.s                        0x00000000   Number         0  libinit.o ABSOLUTE
    ../clib/libinit.s                        0x00000000   Number         0  libinit2.o ABSOLUTE
    ../clib/libinit.s                        0x00000000   Number         0  libshutdown.o ABSOLUTE
    ../clib/libinit.s                        0x00000000   Number         0  libshutdown2.o ABSOLUTE
    ../clib/memcpset.s                       0x00000000   Number         0  rt_memcpy_w.o ABSOLUTE
    ../clib/memcpset.s                       0x00000000   Number         0  rt_memclr_w.o ABSOLUTE
    ../clib/signal.c                         0x00000000   Number         0  defsig_exit.o ABSOLUTE
    ../clib/signal.c                         0x00000000   Number         0  defsig_general.o ABSOLUTE
    ../clib/signal.c                         0x00000000   Number         0  defsig_rtmem_formal.o ABSOLUTE
    ../clib/signal.c                         0x00000000   Number         0  defsig_stak_inner.o ABSOLUTE
    ../clib/signal.c                         0x00000000   Number         0  defsig_abrt_inner.o ABSOLUTE
    ../clib/signal.c                         0x00000000   Number         0  __raise.o ABSOLUTE
    ../clib/signal.c                         0x00000000   Number         0  defsig_fpe_inner.o ABSOLUTE
    ../clib/signal.c                         0x00000000   Number         0  defsig_rtred_inner.o ABSOLUTE
    ../clib/signal.c                         0x00000000   Number         0  defsig_rtmem_outer.o ABSOLUTE
    ../clib/signal.c                         0x00000000   Number         0  defsig_rtmem_inner.o ABSOLUTE
    ../clib/signal.c                         0x00000000   Number         0  defsig_other.o ABSOLUTE
    ../clib/signal.c                         0x00000000   Number         0  defsig_pvfn_inner.o ABSOLUTE
    ../clib/signal.c                         0x00000000   Number         0  defsig_segv_inner.o ABSOLUTE
    ../clib/signal.c                         0x00000000   Number         0  defsig_cppl_inner.o ABSOLUTE
    ../clib/signal.s                         0x00000000   Number         0  defsig.o ABSOLUTE
    ../clib/stdlib.c                         0x00000000   Number         0  exit.o ABSOLUTE
    ../fplib/faddsub.s                       0x00000000   Number         0  faddsub_clz.o ABSOLUTE
    ../fplib/fnaninf.s                       0x00000000   Number         0  fnaninf.o ABSOLUTE
    ../fplib/fpinit.s                        0x00000000   Number         0  fpinit.o ABSOLUTE
    ../fplib/fretinf.s                       0x00000000   Number         0  fretinf.o ABSOLUTE
    ../fplib/usenofp.s                       0x00000000   Number         0  usenofp.o ABSOLUTE
    ..\CMSIS\core_cm3.c                      0x00000000   Number         0  core_cm3.o ABSOLUTE
    ..\CMSIS\startup\startup_stm32f10x_hd.s  0x00000000   Number         0  startup_stm32f10x_hd.o ABSOLUTE
    ..\CMSIS\system_stm32f10x.c              0x00000000   Number         0  system_stm32f10x.o ABSOLUTE
    ..\FWlib\src\misc.c                      0x00000000   Number         0  misc.o ABSOLUTE
    ..\FWlib\src\stm32f10x_adc.c             0x00000000   Number         0  stm32f10x_adc.o ABSOLUTE
    ..\FWlib\src\stm32f10x_gpio.c            0x00000000   Number         0  stm32f10x_gpio.o ABSOLUTE
    ..\FWlib\src\stm32f10x_rcc.c             0x00000000   Number         0  stm32f10x_rcc.o ABSOLUTE
    ..\FWlib\src\stm32f10x_tim.c             0x00000000   Number         0  stm32f10x_tim.o ABSOLUTE
    ..\FWlib\src\stm32f10x_usart.c           0x00000000   Number         0  stm32f10x_usart.o ABSOLUTE
    ..\USEFile\BSP\BSP.c                     0x00000000   Number         0  bsp.o ABSOLUTE
    ..\USEFile\Communication\queue.c         0x00000000   Number         0  queue.o ABSOLUTE
    ..\USEFile\DCMOTOR\motorcontrol.c        0x00000000   Number         0  motorcontrol.o ABSOLUTE
    ..\\CMSIS\\core_cm3.c                    0x00000000   Number         0  core_cm3.o ABSOLUTE
    dc.s                                     0x00000000   Number         0  dc.o ABSOLUTE
    delay.c                                  0x00000000   Number         0  delay.o ABSOLUTE
    main.c                                   0x00000000   Number         0  main.o ABSOLUTE
    stm32f10x_it.c                           0x00000000   Number         0  stm32f10x_it.o ABSOLUTE
    usart1\bsp_usart1.c                      0x00000000   Number         0  bsp_usart1.o ABSOLUTE
    RESET                                    0x08000000   Section      304  startup_stm32f10x_hd.o(RESET)
    !!!main                                  0x08000130   Section        8  __main.o(!!!main)
    !!!scatter                               0x08000138   Section       52  __scatter.o(!!!scatter)
    !!handler_copy                           0x0800016c   Section       26  __scatter_copy.o(!!handler_copy)
    !!handler_zi                             0x08000188   Section       28  __scatter_zi.o(!!handler_zi)
    .ARM.Collect$$libinit$$00000000          0x080001a4   Section        2  libinit.o(.ARM.Collect$$libinit$$00000000)
    .ARM.Collect$$libinit$$00000002          0x080001a6   Section        0  libinit2.o(.ARM.Collect$$libinit$$00000002)
    .ARM.Collect$$libinit$$00000008          0x080001a6   Section        0  libinit2.o(.ARM.Collect$$libinit$$00000008)
    .ARM.Collect$$libinit$$0000000A          0x080001a6   Section        0  libinit2.o(.ARM.Collect$$libinit$$0000000A)
    .ARM.Collect$$libinit$$0000000C          0x080001a6   Section        0  libinit2.o(.ARM.Collect$$libinit$$0000000C)
    .ARM.Collect$$libinit$$0000000F          0x080001a6   Section        0  libinit2.o(.ARM.Collect$$libinit$$0000000F)
    .ARM.Collect$$libinit$$00000011          0x080001a6   Section        0  libinit2.o(.ARM.Collect$$libinit$$00000011)
    .ARM.Collect$$libinit$$00000013          0x080001a6   Section        0  libinit2.o(.ARM.Collect$$libinit$$00000013)
    .ARM.Collect$$libinit$$00000015          0x080001a6   Section        0  libinit2.o(.ARM.Collect$$libinit$$00000015)
    .ARM.Collect$$libinit$$00000017          0x080001a6   Section        0  libinit2.o(.ARM.Collect$$libinit$$00000017)
    .ARM.Collect$$libinit$$00000019          0x080001a6   Section        0  libinit2.o(.ARM.Collect$$libinit$$00000019)
    .ARM.Collect$$libinit$$0000001B          0x080001a6   Section        0  libinit2.o(.ARM.Collect$$libinit$$0000001B)
    .ARM.Collect$$libinit$$0000001D          0x080001a6   Section        0  libinit2.o(.ARM.Collect$$libinit$$0000001D)
    .ARM.Collect$$libinit$$0000001F          0x080001a6   Section        0  libinit2.o(.ARM.Collect$$libinit$$0000001F)
    .ARM.Collect$$libinit$$00000021          0x080001a6   Section        0  libinit2.o(.ARM.Collect$$libinit$$00000021)
    .ARM.Collect$$libinit$$00000023          0x080001a6   Section        0  libinit2.o(.ARM.Collect$$libinit$$00000023)
    .ARM.Collect$$libinit$$0000002A          0x080001a6   Section        0  libinit2.o(.ARM.Collect$$libinit$$0000002A)
    .ARM.Collect$$libinit$$0000002C          0x080001a6   Section        0  libinit2.o(.ARM.Collect$$libinit$$0000002C)
    .ARM.Collect$$libinit$$0000002E          0x080001a6   Section        0  libinit2.o(.ARM.Collect$$libinit$$0000002E)
    .ARM.Collect$$libinit$$00000030          0x080001a6   Section        0  libinit2.o(.ARM.Collect$$libinit$$00000030)
    .ARM.Collect$$libinit$$00000031          0x080001a6   Section        2  libinit2.o(.ARM.Collect$$libinit$$00000031)
    .ARM.Collect$$libshutdown$$00000000      0x080001a8   Section        2  libshutdown.o(.ARM.Collect$$libshutdown$$00000000)
    .ARM.Collect$$libshutdown$$00000003      0x080001aa   Section        0  libshutdown2.o(.ARM.Collect$$libshutdown$$00000003)
    .ARM.Collect$$libshutdown$$00000006      0x080001aa   Section        0  libshutdown2.o(.ARM.Collect$$libshutdown$$00000006)
    .ARM.Collect$$libshutdown$$00000009      0x080001aa   Section        0  libshutdown2.o(.ARM.Collect$$libshutdown$$00000009)
    .ARM.Collect$$libshutdown$$0000000B      0x080001aa   Section        0  libshutdown2.o(.ARM.Collect$$libshutdown$$0000000B)
    .ARM.Collect$$libshutdown$$0000000E      0x080001aa   Section        0  libshutdown2.o(.ARM.Collect$$libshutdown$$0000000E)
    .ARM.Collect$$libshutdown$$0000000F      0x080001aa   Section        2  libshutdown2.o(.ARM.Collect$$libshutdown$$0000000F)
    .ARM.Collect$$rtentry$$00000000          0x080001ac   Section        0  rtentry.o(.ARM.Collect$$rtentry$$00000000)
    .ARM.Collect$$rtentry$$00000002          0x080001ac   Section        0  rtentry2.o(.ARM.Collect$$rtentry$$00000002)
    .ARM.Collect$$rtentry$$00000004          0x080001ac   Section        6  rtentry4.o(.ARM.Collect$$rtentry$$00000004)
    .ARM.Collect$$rtentry$$00000009          0x080001b2   Section        0  rtentry2.o(.ARM.Collect$$rtentry$$00000009)
    .ARM.Collect$$rtentry$$0000000A          0x080001b2   Section        4  rtentry2.o(.ARM.Collect$$rtentry$$0000000A)
    .ARM.Collect$$rtentry$$0000000C          0x080001b6   Section        0  rtentry2.o(.ARM.Collect$$rtentry$$0000000C)
    .ARM.Collect$$rtentry$$0000000D          0x080001b6   Section        8  rtentry2.o(.ARM.Collect$$rtentry$$0000000D)
    .ARM.Collect$$rtexit$$00000000           0x080001be   Section        2  rtexit.o(.ARM.Collect$$rtexit$$00000000)
    .ARM.Collect$$rtexit$$00000002           0x080001c0   Section        0  rtexit2.o(.ARM.Collect$$rtexit$$00000002)
    .ARM.Collect$$rtexit$$00000003           0x080001c0   Section        4  rtexit2.o(.ARM.Collect$$rtexit$$00000003)
    .ARM.Collect$$rtexit$$00000004           0x080001c4   Section        6  rtexit2.o(.ARM.Collect$$rtexit$$00000004)
    .text                                    0x080001cc   Section        0  main.o(.text)
    .text                                    0x08000b5c   Section        0  delay.o(.text)
    .text                                    0x08000c0c   Section        0  stm32f10x_it.o(.text)
    .text                                    0x08000ccc   Section       64  startup_stm32f10x_hd.o(.text)
    .text                                    0x08000d0c   Section        0  system_stm32f10x.o(.text)
    SetSysClockTo72                          0x08000d0d   Thumb Code   214  system_stm32f10x.o(.text)
    SetSysClock                              0x08000de3   Thumb Code     8  system_stm32f10x.o(.text)
    .text                                    0x08000eec   Section        0  stm32f10x_gpio.o(.text)
    .text                                    0x08001248   Section        0  stm32f10x_rcc.o(.text)
    .text                                    0x080015ec   Section        0  stm32f10x_usart.o(.text)
    .text                                    0x080019f4   Section        0  stm32f10x_tim.o(.text)
    TI4_Config                               0x08001e9b   Thumb Code   130  stm32f10x_tim.o(.text)
    TI3_Config                               0x08001f2f   Thumb Code   122  stm32f10x_tim.o(.text)
    TI2_Config                               0x08001fc3   Thumb Code   130  stm32f10x_tim.o(.text)
    TI1_Config                               0x08002057   Thumb Code   108  stm32f10x_tim.o(.text)
    .text                                    0x08002810   Section        0  misc.o(.text)
    .text                                    0x080028ec   Section        0  stm32f10x_adc.o(.text)
    .text                                    0x08002d3c   Section        0  bsp.o(.text)
    .text                                    0x08003168   Section        0  motorcontrol.o(.text)
    .text                                    0x080033f0   Section        0  queue.o(.text)
    .text                                    0x08003470   Section        0  bsp_usart1.o(.text)
    .text                                    0x080035f8   Section      100  rt_memcpy_w.o(.text)
    .text                                    0x0800365c   Section       78  rt_memclr_w.o(.text)
    .text                                    0x080036aa   Section        0  heapauxi.o(.text)
    .text                                    0x080036b0   Section       74  sys_stackheap_outer.o(.text)
    .text                                    0x080036fa   Section        0  exit.o(.text)
    .text                                    0x08003708   Section        8  libspace.o(.text)
    .text                                    0x08003710   Section        0  sys_exit.o(.text)
    .text                                    0x0800371c   Section        2  use_no_semi.o(.text)
    .text                                    0x0800371e   Section        0  indicate_semi.o(.text)
    x$fpl$fadd                               0x08003720   Section      196  faddsub_clz.o(x$fpl$fadd)
    _fadd1                                   0x0800372f   Thumb Code     0  faddsub_clz.o(x$fpl$fadd)
    x$fpl$fnaninf                            0x080037e4   Section      140  fnaninf.o(x$fpl$fnaninf)
    x$fpl$fretinf                            0x08003870   Section       10  fretinf.o(x$fpl$fretinf)
    x$fpl$fsub                               0x0800387c   Section      234  faddsub_clz.o(x$fpl$fsub)
    _fsub1                                   0x0800388b   Thumb Code     0  faddsub_clz.o(x$fpl$fsub)
    x$fpl$usenofp                            0x08003966   Section        0  usenofp.o(x$fpl$usenofp)
    .data                                    0x20000000   Section       38  main.o(.data)
    noselect                                 0x20000000   Data           4  main.o(.data)
    checksum                                 0x20000024   Data           2  main.o(.data)
    .data                                    0x20000026   Section        6  delay.o(.data)
    fac_us                                   0x20000028   Data           1  delay.o(.data)
    fac_ms                                   0x2000002a   Data           2  delay.o(.data)
    .data                                    0x2000002c   Section       12  stm32f10x_it.o(.data)
    count                                    0x20000030   Data           4  stm32f10x_it.o(.data)
    flag_hold                                0x20000034   Data           4  stm32f10x_it.o(.data)
    .data                                    0x20000038   Section       20  system_stm32f10x.o(.data)
    .data                                    0x2000004c   Section       20  stm32f10x_rcc.o(.data)
    APBAHBPrescTable                         0x2000004c   Data          16  stm32f10x_rcc.o(.data)
    ADCPrescTable                            0x2000005c   Data           4  stm32f10x_rcc.o(.data)
    .data                                    0x20000060   Section       12  bsp.o(.data)
    .data                                    0x2000006c   Section       16  motorcontrol.o(.data)
    .data                                    0x2000007c   Section        4  bsp_usart1.o(.data)
    .bss                                     0x20000080   Section      239  main.o(.bss)
    .bss                                     0x20000170   Section       36  bsp.o(.bss)
    .bss                                     0x20000194   Section       96  libspace.o(.bss)
    HEAP                                     0x200001f8   Section      512  startup_stm32f10x_hd.o(HEAP)
    Heap_Mem                                 0x200001f8   Data         512  startup_stm32f10x_hd.o(HEAP)
    STACK                                    0x200003f8   Section     1024  startup_stm32f10x_hd.o(STACK)
    Stack_Mem                                0x200003f8   Data        1024  startup_stm32f10x_hd.o(STACK)
    __initial_sp                             0x200007f8   Data           0  startup_stm32f10x_hd.o(STACK)

    Global Symbols

    Symbol Name                              Value     Ov Type        Size  Object(Section)

    BuildAttributes$$THM_ISAv4$P$D$K$B$S$PE$A:L22UL41UL21$X:L11$S22US41US21$IEEE1$IW$USESV6$~STKCKD$USESV7$~SHL$OSPACE$ROPI$EBA8$UX$STANDARDLIB$REQ8$PRES8$EABIv2 0x00000000   Number         0  anon$$obj.o ABSOLUTE
    __ARM_use_no_argv                        0x00000000   Number         0  main.o ABSOLUTE
    __ARM_exceptions_init                     - Undefined Weak Reference
    __alloca_initialize                       - Undefined Weak Reference
    __cpp_initialize__aeabi_                  - Undefined Weak Reference
    __cxa_finalize                            - Undefined Weak Reference
    __rt_locale                               - Undefined Weak Reference
    __sigvec_lookup                           - Undefined Weak Reference
    _atexit_init                              - Undefined Weak Reference
    _call_atexit_fns                          - Undefined Weak Reference
    _clock_init                               - Undefined Weak Reference
    _fp_trap_init                             - Undefined Weak Reference
    _fp_trap_shutdown                         - Undefined Weak Reference
    _get_lc_collate                           - Undefined Weak Reference
    _get_lc_ctype                             - Undefined Weak Reference
    _get_lc_monetary                          - Undefined Weak Reference
    _get_lc_numeric                           - Undefined Weak Reference
    _get_lc_time                              - Undefined Weak Reference
    _getenv_init                              - Undefined Weak Reference
    _handle_redirection                       - Undefined Weak Reference
    _init_alloc                               - Undefined Weak Reference
    _init_user_alloc                          - Undefined Weak Reference
    _initio                                   - Undefined Weak Reference
    _rand_init                                - Undefined Weak Reference
    _signal_finish                            - Undefined Weak Reference
    _signal_init                              - Undefined Weak Reference
    _terminate_alloc                          - Undefined Weak Reference
    _terminate_user_alloc                     - Undefined Weak Reference
    _terminateio                              - Undefined Weak Reference
    __Vectors_Size                           0x00000130   Number         0  startup_stm32f10x_hd.o ABSOLUTE
    __Vectors                                0x08000000   Data           4  startup_stm32f10x_hd.o(RESET)
    __Vectors_End                            0x08000130   Data           0  startup_stm32f10x_hd.o(RESET)
    __main                                   0x08000131   Thumb Code     8  __main.o(!!!main)
    __scatterload                            0x08000139   Thumb Code     0  __scatter.o(!!!scatter)
    __scatterload_rt2                        0x08000139   Thumb Code    44  __scatter.o(!!!scatter)
    __scatterload_rt2_thumb_only             0x08000139   Thumb Code     0  __scatter.o(!!!scatter)
    __scatterload_null                       0x08000147   Thumb Code     0  __scatter.o(!!!scatter)
    __scatterload_copy                       0x0800016d   Thumb Code    26  __scatter_copy.o(!!handler_copy)
    __scatterload_zeroinit                   0x08000189   Thumb Code    28  __scatter_zi.o(!!handler_zi)
    __rt_lib_init                            0x080001a5   Thumb Code     0  libinit.o(.ARM.Collect$$libinit$$00000000)
    __rt_lib_init_alloca_1                   0x080001a7   Thumb Code     0  libinit2.o(.ARM.Collect$$libinit$$0000002C)
    __rt_lib_init_argv_1                     0x080001a7   Thumb Code     0  libinit2.o(.ARM.Collect$$libinit$$0000002A)
    __rt_lib_init_atexit_1                   0x080001a7   Thumb Code     0  libinit2.o(.ARM.Collect$$libinit$$00000019)
    __rt_lib_init_clock_1                    0x080001a7   Thumb Code     0  libinit2.o(.ARM.Collect$$libinit$$0000001F)
    __rt_lib_init_cpp_1                      0x080001a7   Thumb Code     0  libinit2.o(.ARM.Collect$$libinit$$00000030)
    __rt_lib_init_exceptions_1               0x080001a7   Thumb Code     0  libinit2.o(.ARM.Collect$$libinit$$0000002E)
    __rt_lib_init_fp_1                       0x080001a7   Thumb Code     0  libinit2.o(.ARM.Collect$$libinit$$00000002)
    __rt_lib_init_fp_trap_1                  0x080001a7   Thumb Code     0  libinit2.o(.ARM.Collect$$libinit$$0000001D)
    __rt_lib_init_getenv_1                   0x080001a7   Thumb Code     0  libinit2.o(.ARM.Collect$$libinit$$00000021)
    __rt_lib_init_heap_1                     0x080001a7   Thumb Code     0  libinit2.o(.ARM.Collect$$libinit$$00000008)
    __rt_lib_init_lc_collate_1               0x080001a7   Thumb Code     0  libinit2.o(.ARM.Collect$$libinit$$0000000F)
    __rt_lib_init_lc_ctype_1                 0x080001a7   Thumb Code     0  libinit2.o(.ARM.Collect$$libinit$$00000011)
    __rt_lib_init_lc_monetary_1              0x080001a7   Thumb Code     0  libinit2.o(.ARM.Collect$$libinit$$00000013)
    __rt_lib_init_lc_numeric_1               0x080001a7   Thumb Code     0  libinit2.o(.ARM.Collect$$libinit$$00000015)
    __rt_lib_init_lc_time_1                  0x080001a7   Thumb Code     0  libinit2.o(.ARM.Collect$$libinit$$00000017)
    __rt_lib_init_rand_1                     0x080001a7   Thumb Code     0  libinit2.o(.ARM.Collect$$libinit$$0000000C)
    __rt_lib_init_return                     0x080001a7   Thumb Code     0  libinit2.o(.ARM.Collect$$libinit$$00000031)
    __rt_lib_init_signal_1                   0x080001a7   Thumb Code     0  libinit2.o(.ARM.Collect$$libinit$$0000001B)
    __rt_lib_init_stdio_1                    0x080001a7   Thumb Code     0  libinit2.o(.ARM.Collect$$libinit$$00000023)
    __rt_lib_init_user_alloc_1               0x080001a7   Thumb Code     0  libinit2.o(.ARM.Collect$$libinit$$0000000A)
    __rt_lib_shutdown                        0x080001a9   Thumb Code     0  libshutdown.o(.ARM.Collect$$libshutdown$$00000000)
    __rt_lib_shutdown_fp_trap_1              0x080001ab   Thumb Code     0  libshutdown2.o(.ARM.Collect$$libshutdown$$00000006)
    __rt_lib_shutdown_heap_1                 0x080001ab   Thumb Code     0  libshutdown2.o(.ARM.Collect$$libshutdown$$0000000E)
    __rt_lib_shutdown_return                 0x080001ab   Thumb Code     0  libshutdown2.o(.ARM.Collect$$libshutdown$$0000000F)
    __rt_lib_shutdown_signal_1               0x080001ab   Thumb Code     0  libshutdown2.o(.ARM.Collect$$libshutdown$$00000009)
    __rt_lib_shutdown_stdio_1                0x080001ab   Thumb Code     0  libshutdown2.o(.ARM.Collect$$libshutdown$$00000003)
    __rt_lib_shutdown_user_alloc_1           0x080001ab   Thumb Code     0  libshutdown2.o(.ARM.Collect$$libshutdown$$0000000B)
    __rt_entry                               0x080001ad   Thumb Code     0  rtentry.o(.ARM.Collect$$rtentry$$00000000)
    __rt_entry_presh_1                       0x080001ad   Thumb Code     0  rtentry2.o(.ARM.Collect$$rtentry$$00000002)
    __rt_entry_sh                            0x080001ad   Thumb Code     0  rtentry4.o(.ARM.Collect$$rtentry$$00000004)
    __rt_entry_li                            0x080001b3   Thumb Code     0  rtentry2.o(.ARM.Collect$$rtentry$$0000000A)
    __rt_entry_postsh_1                      0x080001b3   Thumb Code     0  rtentry2.o(.ARM.Collect$$rtentry$$00000009)
    __rt_entry_main                          0x080001b7   Thumb Code     0  rtentry2.o(.ARM.Collect$$rtentry$$0000000D)
    __rt_entry_postli_1                      0x080001b7   Thumb Code     0  rtentry2.o(.ARM.Collect$$rtentry$$0000000C)
    __rt_exit                                0x080001bf   Thumb Code     0  rtexit.o(.ARM.Collect$$rtexit$$00000000)
    __rt_exit_ls                             0x080001c1   Thumb Code     0  rtexit2.o(.ARM.Collect$$rtexit$$00000003)
    __rt_exit_prels_1                        0x080001c1   Thumb Code     0  rtexit2.o(.ARM.Collect$$rtexit$$00000002)
    __rt_exit_exit                           0x080001c5   Thumb Code     0  rtexit2.o(.ARM.Collect$$rtexit$$00000004)
    handle_data                              0x080001cd   Thumb Code   132  main.o(.text)
    shot                                     0x08000251   Thumb Code    40  main.o(.text)
    send                                     0x08000279   Thumb Code   568  main.o(.text)
    main                                     0x080004b1   Thumb Code  1698  main.o(.text)
    delayinit                                0x08000b5d   Thumb Code    56  delay.o(.text)
    delayms                                  0x08000b95   Thumb Code    56  delay.o(.text)
    delayus                                  0x08000bcd   Thumb Code    56  delay.o(.text)
    TIM3_IRQHandler                          0x08000c0d   Thumb Code    94  stm32f10x_it.o(.text)
    TIM7_IRQHandler                          0x08000c6b   Thumb Code    56  stm32f10x_it.o(.text)
    Reset_Handler                            0x08000ccd   Thumb Code     8  startup_stm32f10x_hd.o(.text)
    NMI_Handler                              0x08000cd5   Thumb Code     2  startup_stm32f10x_hd.o(.text)
    HardFault_Handler                        0x08000cd7   Thumb Code     2  startup_stm32f10x_hd.o(.text)
    MemManage_Handler                        0x08000cd9   Thumb Code     2  startup_stm32f10x_hd.o(.text)
    BusFault_Handler                         0x08000cdb   Thumb Code     2  startup_stm32f10x_hd.o(.text)
    UsageFault_Handler                       0x08000cdd   Thumb Code     2  startup_stm32f10x_hd.o(.text)
    SVC_Handler                              0x08000cdf   Thumb Code     2  startup_stm32f10x_hd.o(.text)
    DebugMon_Handler                         0x08000ce1   Thumb Code     2  startup_stm32f10x_hd.o(.text)
    PendSV_Handler                           0x08000ce3   Thumb Code     2  startup_stm32f10x_hd.o(.text)
    SysTick_Handler                          0x08000ce5   Thumb Code     2  startup_stm32f10x_hd.o(.text)
    ADC1_2_IRQHandler                        0x08000ce7   Thumb Code     0  startup_stm32f10x_hd.o(.text)
    ADC3_IRQHandler                          0x08000ce7   Thumb Code     0  startup_stm32f10x_hd.o(.text)
    CAN1_RX1_IRQHandler                      0x08000ce7   Thumb Code     0  startup_stm32f10x_hd.o(.text)
    CAN1_SCE_IRQHandler                      0x08000ce7   Thumb Code     0  startup_stm32f10x_hd.o(.text)
    DMA1_Channel1_IRQHandler                 0x08000ce7   Thumb Code     0  startup_stm32f10x_hd.o(.text)
    DMA1_Channel2_IRQHandler                 0x08000ce7   Thumb Code     0  startup_stm32f10x_hd.o(.text)
    DMA1_Channel3_IRQHandler                 0x08000ce7   Thumb Code     0  startup_stm32f10x_hd.o(.text)
    DMA1_Channel4_IRQHandler                 0x08000ce7   Thumb Code     0  startup_stm32f10x_hd.o(.text)
    DMA1_Channel5_IRQHandler                 0x08000ce7   Thumb Code     0  startup_stm32f10x_hd.o(.text)
    DMA1_Channel6_IRQHandler                 0x08000ce7   Thumb Code     0  startup_stm32f10x_hd.o(.text)
    DMA1_Channel7_IRQHandler                 0x08000ce7   Thumb Code     0  startup_stm32f10x_hd.o(.text)
    DMA2_Channel1_IRQHandler                 0x08000ce7   Thumb Code     0  startup_stm32f10x_hd.o(.text)
    DMA2_Channel2_IRQHandler                 0x08000ce7   Thumb Code     0  startup_stm32f10x_hd.o(.text)
    DMA2_Channel3_IRQHandler                 0x08000ce7   Thumb Code     0  startup_stm32f10x_hd.o(.text)
    DMA2_Channel4_5_IRQHandler               0x08000ce7   Thumb Code     0  startup_stm32f10x_hd.o(.text)
    EXTI0_IRQHandler                         0x08000ce7   Thumb Code     0  startup_stm32f10x_hd.o(.text)
    EXTI15_10_IRQHandler                     0x08000ce7   Thumb Code     0  startup_stm32f10x_hd.o(.text)
    EXTI1_IRQHandler                         0x08000ce7   Thumb Code     0  startup_stm32f10x_hd.o(.text)
    EXTI2_IRQHandler                         0x08000ce7   Thumb Code     0  startup_stm32f10x_hd.o(.text)
    EXTI3_IRQHandler                         0x08000ce7   Thumb Code     0  startup_stm32f10x_hd.o(.text)
    EXTI4_IRQHandler                         0x08000ce7   Thumb Code     0  startup_stm32f10x_hd.o(.text)
    EXTI9_5_IRQHandler                       0x08000ce7   Thumb Code     0  startup_stm32f10x_hd.o(.text)
    FLASH_IRQHandler                         0x08000ce7   Thumb Code     0  startup_stm32f10x_hd.o(.text)
    FSMC_IRQHandler                          0x08000ce7   Thumb Code     0  startup_stm32f10x_hd.o(.text)
    I2C1_ER_IRQHandler                       0x08000ce7   Thumb Code     0  startup_stm32f10x_hd.o(.text)
    I2C1_EV_IRQHandler                       0x08000ce7   Thumb Code     0  startup_stm32f10x_hd.o(.text)
    I2C2_ER_IRQHandler                       0x08000ce7   Thumb Code     0  startup_stm32f10x_hd.o(.text)
    I2C2_EV_IRQHandler                       0x08000ce7   Thumb Code     0  startup_stm32f10x_hd.o(.text)
    PVD_IRQHandler                           0x08000ce7   Thumb Code     0  startup_stm32f10x_hd.o(.text)
    RCC_IRQHandler                           0x08000ce7   Thumb Code     0  startup_stm32f10x_hd.o(.text)
    RTCAlarm_IRQHandler                      0x08000ce7   Thumb Code     0  startup_stm32f10x_hd.o(.text)
    RTC_IRQHandler                           0x08000ce7   Thumb Code     0  startup_stm32f10x_hd.o(.text)
    SDIO_IRQHandler                          0x08000ce7   Thumb Code     0  startup_stm32f10x_hd.o(.text)
    SPI1_IRQHandler                          0x08000ce7   Thumb Code     0  startup_stm32f10x_hd.o(.text)
    SPI2_IRQHandler                          0x08000ce7   Thumb Code     0  startup_stm32f10x_hd.o(.text)
    SPI3_IRQHandler                          0x08000ce7   Thumb Code     0  startup_stm32f10x_hd.o(.text)
    TAMPER_IRQHandler                        0x08000ce7   Thumb Code     0  startup_stm32f10x_hd.o(.text)
    TIM1_BRK_IRQHandler                      0x08000ce7   Thumb Code     0  startup_stm32f10x_hd.o(.text)
    TIM1_CC_IRQHandler                       0x08000ce7   Thumb Code     0  startup_stm32f10x_hd.o(.text)
    TIM1_TRG_COM_IRQHandler                  0x08000ce7   Thumb Code     0  startup_stm32f10x_hd.o(.text)
    TIM1_UP_IRQHandler                       0x08000ce7   Thumb Code     0  startup_stm32f10x_hd.o(.text)
    TIM2_IRQHandler                          0x08000ce7   Thumb Code     0  startup_stm32f10x_hd.o(.text)
    TIM4_IRQHandler                          0x08000ce7   Thumb Code     0  startup_stm32f10x_hd.o(.text)
    TIM5_IRQHandler                          0x08000ce7   Thumb Code     0  startup_stm32f10x_hd.o(.text)
    TIM6_IRQHandler                          0x08000ce7   Thumb Code     0  startup_stm32f10x_hd.o(.text)
    TIM8_BRK_IRQHandler                      0x08000ce7   Thumb Code     0  startup_stm32f10x_hd.o(.text)
    TIM8_CC_IRQHandler                       0x08000ce7   Thumb Code     0  startup_stm32f10x_hd.o(.text)
    TIM8_TRG_COM_IRQHandler                  0x08000ce7   Thumb Code     0  startup_stm32f10x_hd.o(.text)
    TIM8_UP_IRQHandler                       0x08000ce7   Thumb Code     0  startup_stm32f10x_hd.o(.text)
    UART4_IRQHandler                         0x08000ce7   Thumb Code     0  startup_stm32f10x_hd.o(.text)
    UART5_IRQHandler                         0x08000ce7   Thumb Code     0  startup_stm32f10x_hd.o(.text)
    USART2_IRQHandler                        0x08000ce7   Thumb Code     0  startup_stm32f10x_hd.o(.text)
    USART3_IRQHandler                        0x08000ce7   Thumb Code     0  startup_stm32f10x_hd.o(.text)
    USBWakeUp_IRQHandler                     0x08000ce7   Thumb Code     0  startup_stm32f10x_hd.o(.text)
    USB_HP_CAN1_TX_IRQHandler                0x08000ce7   Thumb Code     0  startup_stm32f10x_hd.o(.text)
    USB_LP_CAN1_RX0_IRQHandler               0x08000ce7   Thumb Code     0  startup_stm32f10x_hd.o(.text)
    WWDG_IRQHandler                          0x08000ce7   Thumb Code     0  startup_stm32f10x_hd.o(.text)
    __user_initial_stackheap                 0x08000ce9   Thumb Code     0  startup_stm32f10x_hd.o(.text)
    SystemInit                               0x08000deb   Thumb Code    78  system_stm32f10x.o(.text)
    SystemCoreClockUpdate                    0x08000e39   Thumb Code   142  system_stm32f10x.o(.text)
    GPIO_DeInit                              0x08000eed   Thumb Code   172  stm32f10x_gpio.o(.text)
    GPIO_AFIODeInit                          0x08000f99   Thumb Code    20  stm32f10x_gpio.o(.text)
    GPIO_Init                                0x08000fad   Thumb Code   278  stm32f10x_gpio.o(.text)
    GPIO_StructInit                          0x080010c3   Thumb Code    16  stm32f10x_gpio.o(.text)
    GPIO_ReadInputDataBit                    0x080010d3   Thumb Code    18  stm32f10x_gpio.o(.text)
    GPIO_ReadInputData                       0x080010e5   Thumb Code     8  stm32f10x_gpio.o(.text)
    GPIO_ReadOutputDataBit                   0x080010ed   Thumb Code    18  stm32f10x_gpio.o(.text)
    GPIO_ReadOutputData                      0x080010ff   Thumb Code     8  stm32f10x_gpio.o(.text)
    GPIO_SetBits                             0x08001107   Thumb Code     4  stm32f10x_gpio.o(.text)
    GPIO_ResetBits                           0x0800110b   Thumb Code     4  stm32f10x_gpio.o(.text)
    GPIO_WriteBit                            0x0800110f   Thumb Code    10  stm32f10x_gpio.o(.text)
    GPIO_Write                               0x08001119   Thumb Code     4  stm32f10x_gpio.o(.text)
    GPIO_PinLockConfig                       0x0800111d   Thumb Code    18  stm32f10x_gpio.o(.text)
    GPIO_EventOutputConfig                   0x0800112f   Thumb Code    26  stm32f10x_gpio.o(.text)
    GPIO_EventOutputCmd                      0x08001149   Thumb Code     6  stm32f10x_gpio.o(.text)
    GPIO_PinRemapConfig                      0x0800114f   Thumb Code   138  stm32f10x_gpio.o(.text)
    GPIO_EXTILineConfig                      0x080011d9   Thumb Code    66  stm32f10x_gpio.o(.text)
    GPIO_ETH_MediaInterfaceConfig            0x0800121b   Thumb Code     8  stm32f10x_gpio.o(.text)
    RCC_DeInit                               0x08001249   Thumb Code    64  stm32f10x_rcc.o(.text)
    RCC_HSEConfig                            0x08001289   Thumb Code    70  stm32f10x_rcc.o(.text)
    RCC_GetFlagStatus                        0x080012cf   Thumb Code    56  stm32f10x_rcc.o(.text)
    RCC_WaitForHSEStartUp                    0x08001307   Thumb Code    56  stm32f10x_rcc.o(.text)
    RCC_AdjustHSICalibrationValue            0x0800133f   Thumb Code    20  stm32f10x_rcc.o(.text)
    RCC_HSICmd                               0x08001353   Thumb Code     6  stm32f10x_rcc.o(.text)
    RCC_PLLConfig                            0x08001359   Thumb Code    24  stm32f10x_rcc.o(.text)
    RCC_PLLCmd                               0x08001371   Thumb Code     6  stm32f10x_rcc.o(.text)
    RCC_SYSCLKConfig                         0x08001377   Thumb Code    18  stm32f10x_rcc.o(.text)
    RCC_GetSYSCLKSource                      0x08001389   Thumb Code    10  stm32f10x_rcc.o(.text)
    RCC_HCLKConfig                           0x08001393   Thumb Code    18  stm32f10x_rcc.o(.text)
    RCC_PCLK1Config                          0x080013a5   Thumb Code    18  stm32f10x_rcc.o(.text)
    RCC_PCLK2Config                          0x080013b7   Thumb Code    20  stm32f10x_rcc.o(.text)
    RCC_ITConfig                             0x080013cb   Thumb Code    26  stm32f10x_rcc.o(.text)
    RCC_USBCLKConfig                         0x080013e5   Thumb Code     8  stm32f10x_rcc.o(.text)
    RCC_ADCCLKConfig                         0x080013ed   Thumb Code    18  stm32f10x_rcc.o(.text)
    RCC_LSEConfig                            0x080013ff   Thumb Code    50  stm32f10x_rcc.o(.text)
    RCC_LSICmd                               0x08001431   Thumb Code     6  stm32f10x_rcc.o(.text)
    RCC_RTCCLKConfig                         0x08001437   Thumb Code    12  stm32f10x_rcc.o(.text)
    RCC_RTCCLKCmd                            0x08001443   Thumb Code     8  stm32f10x_rcc.o(.text)
    RCC_GetClocksFreq                        0x0800144b   Thumb Code   192  stm32f10x_rcc.o(.text)
    RCC_AHBPeriphClockCmd                    0x0800150b   Thumb Code    26  stm32f10x_rcc.o(.text)
    RCC_APB2PeriphClockCmd                   0x08001525   Thumb Code    26  stm32f10x_rcc.o(.text)
    RCC_APB1PeriphClockCmd                   0x0800153f   Thumb Code    26  stm32f10x_rcc.o(.text)
    RCC_APB2PeriphResetCmd                   0x08001559   Thumb Code    26  stm32f10x_rcc.o(.text)
    RCC_APB1PeriphResetCmd                   0x08001573   Thumb Code    26  stm32f10x_rcc.o(.text)
    RCC_BackupResetCmd                       0x0800158d   Thumb Code     8  stm32f10x_rcc.o(.text)
    RCC_ClockSecuritySystemCmd               0x08001595   Thumb Code     6  stm32f10x_rcc.o(.text)
    RCC_MCOConfig                            0x0800159b   Thumb Code     6  stm32f10x_rcc.o(.text)
    RCC_ClearFlag                            0x080015a1   Thumb Code    14  stm32f10x_rcc.o(.text)
    RCC_GetITStatus                          0x080015af   Thumb Code    20  stm32f10x_rcc.o(.text)
    RCC_ClearITPendingBit                    0x080015c3   Thumb Code     6  stm32f10x_rcc.o(.text)
    USART_DeInit                             0x080015ed   Thumb Code   134  stm32f10x_usart.o(.text)
    USART_Init                               0x08001673   Thumb Code   210  stm32f10x_usart.o(.text)
    USART_StructInit                         0x08001745   Thumb Code    24  stm32f10x_usart.o(.text)
    USART_ClockInit                          0x0800175d   Thumb Code    34  stm32f10x_usart.o(.text)
    USART_ClockStructInit                    0x0800177f   Thumb Code    12  stm32f10x_usart.o(.text)
    USART_Cmd                                0x0800178b   Thumb Code    24  stm32f10x_usart.o(.text)
    USART_ITConfig                           0x080017a3   Thumb Code    74  stm32f10x_usart.o(.text)
    USART_DMACmd                             0x080017ed   Thumb Code    18  stm32f10x_usart.o(.text)
    USART_SetAddress                         0x080017ff   Thumb Code    18  stm32f10x_usart.o(.text)
    USART_WakeUpConfig                       0x08001811   Thumb Code    18  stm32f10x_usart.o(.text)
    USART_ReceiverWakeUpCmd                  0x08001823   Thumb Code    24  stm32f10x_usart.o(.text)
    USART_LINBreakDetectLengthConfig         0x0800183b   Thumb Code    18  stm32f10x_usart.o(.text)
    USART_LINCmd                             0x0800184d   Thumb Code    24  stm32f10x_usart.o(.text)
    USART_SendData                           0x08001865   Thumb Code     8  stm32f10x_usart.o(.text)
    USART_ReceiveData                        0x0800186d   Thumb Code    10  stm32f10x_usart.o(.text)
    USART_SendBreak                          0x08001877   Thumb Code    10  stm32f10x_usart.o(.text)
    USART_SetGuardTime                       0x08001881   Thumb Code    16  stm32f10x_usart.o(.text)
    USART_SetPrescaler                       0x08001891   Thumb Code    16  stm32f10x_usart.o(.text)
    USART_SmartCardCmd                       0x080018a1   Thumb Code    24  stm32f10x_usart.o(.text)
    USART_SmartCardNACKCmd                   0x080018b9   Thumb Code    24  stm32f10x_usart.o(.text)
    USART_HalfDuplexCmd                      0x080018d1   Thumb Code    24  stm32f10x_usart.o(.text)
    USART_OverSampling8Cmd                   0x080018e9   Thumb Code    22  stm32f10x_usart.o(.text)
    USART_OneBitMethodCmd                    0x080018ff   Thumb Code    24  stm32f10x_usart.o(.text)
    USART_IrDAConfig                         0x08001917   Thumb Code    18  stm32f10x_usart.o(.text)
    USART_IrDACmd                            0x08001929   Thumb Code    24  stm32f10x_usart.o(.text)
    USART_GetFlagStatus                      0x08001941   Thumb Code    26  stm32f10x_usart.o(.text)
    USART_ClearFlag                          0x0800195b   Thumb Code    18  stm32f10x_usart.o(.text)
    USART_GetITStatus                        0x0800196d   Thumb Code    84  stm32f10x_usart.o(.text)
    USART_ClearITPendingBit                  0x080019c1   Thumb Code    52  stm32f10x_usart.o(.text)
    TIM_DeInit                               0x080019f5   Thumb Code   424  stm32f10x_tim.o(.text)
    TIM_TimeBaseInit                         0x08001b9d   Thumb Code   122  stm32f10x_tim.o(.text)
    TIM_OC1Init                              0x08001c17   Thumb Code   132  stm32f10x_tim.o(.text)
    TIM_OC2Init                              0x08001c9b   Thumb Code   154  stm32f10x_tim.o(.text)
    TIM_OC3Init                              0x08001d35   Thumb Code   150  stm32f10x_tim.o(.text)
    TIM_OC4Init                              0x08001dcb   Thumb Code   182  stm32f10x_tim.o(.text)
    TIM_SetIC4Prescaler                      0x08001e81   Thumb Code    26  stm32f10x_tim.o(.text)
    TIM_SetIC3Prescaler                      0x08001f1d   Thumb Code    18  stm32f10x_tim.o(.text)
    TIM_SetIC2Prescaler                      0x08001fa9   Thumb Code    26  stm32f10x_tim.o(.text)
    TIM_SetIC1Prescaler                      0x08002045   Thumb Code    18  stm32f10x_tim.o(.text)
    TIM_ICInit                               0x080020c3   Thumb Code   150  stm32f10x_tim.o(.text)
    TIM_PWMIConfig                           0x08002159   Thumb Code   124  stm32f10x_tim.o(.text)
    TIM_BDTRConfig                           0x080021d5   Thumb Code    32  stm32f10x_tim.o(.text)
    TIM_TimeBaseStructInit                   0x080021f5   Thumb Code    18  stm32f10x_tim.o(.text)
    TIM_OCStructInit                         0x08002207   Thumb Code    20  stm32f10x_tim.o(.text)
    TIM_ICStructInit                         0x0800221b   Thumb Code    18  stm32f10x_tim.o(.text)
    TIM_BDTRStructInit                       0x0800222d   Thumb Code    40  stm32f10x_tim.o(.text)
    TIM_Cmd                                  0x08002255   Thumb Code    24  stm32f10x_tim.o(.text)
    TIM_CtrlPWMOutputs                       0x0800226d   Thumb Code    30  stm32f10x_tim.o(.text)
    TIM_ITConfig                             0x0800228b   Thumb Code    18  stm32f10x_tim.o(.text)
    TIM_GenerateEvent                        0x0800229d   Thumb Code     4  stm32f10x_tim.o(.text)
    TIM_DMAConfig                            0x080022a1   Thumb Code    10  stm32f10x_tim.o(.text)
    TIM_DMACmd                               0x080022ab   Thumb Code    18  stm32f10x_tim.o(.text)
    TIM_InternalClockConfig                  0x080022bd   Thumb Code    12  stm32f10x_tim.o(.text)
    TIM_SelectInputTrigger                   0x080022c9   Thumb Code    18  stm32f10x_tim.o(.text)
    TIM_ITRxExternalClockConfig              0x080022db   Thumb Code    24  stm32f10x_tim.o(.text)
    TIM_TIxExternalClockConfig               0x080022f3   Thumb Code    62  stm32f10x_tim.o(.text)
    TIM_ETRConfig                            0x08002331   Thumb Code    28  stm32f10x_tim.o(.text)
    TIM_ETRClockMode1Config                  0x0800234d   Thumb Code    54  stm32f10x_tim.o(.text)
    TIM_ETRClockMode2Config                  0x08002383   Thumb Code    32  stm32f10x_tim.o(.text)
    TIM_PrescalerConfig                      0x080023a3   Thumb Code     6  stm32f10x_tim.o(.text)
    TIM_CounterModeConfig                    0x080023a9   Thumb Code    18  stm32f10x_tim.o(.text)
    TIM_EncoderInterfaceConfig               0x080023bb   Thumb Code    66  stm32f10x_tim.o(.text)
    TIM_ForcedOC1Config                      0x080023fd   Thumb Code    18  stm32f10x_tim.o(.text)
    TIM_ForcedOC2Config                      0x0800240f   Thumb Code    26  stm32f10x_tim.o(.text)
    TIM_ForcedOC3Config                      0x08002429   Thumb Code    18  stm32f10x_tim.o(.text)
    TIM_ForcedOC4Config                      0x0800243b   Thumb Code    26  stm32f10x_tim.o(.text)
    TIM_ARRPreloadConfig                     0x08002455   Thumb Code    24  stm32f10x_tim.o(.text)
    TIM_SelectCOM                            0x0800246d   Thumb Code    24  stm32f10x_tim.o(.text)
    TIM_SelectCCDMA                          0x08002485   Thumb Code    24  stm32f10x_tim.o(.text)
    TIM_CCPreloadControl                     0x0800249d   Thumb Code    24  stm32f10x_tim.o(.text)
    TIM_OC1PreloadConfig                     0x080024b5   Thumb Code    18  stm32f10x_tim.o(.text)
    TIM_OC2PreloadConfig                     0x080024c7   Thumb Code    26  stm32f10x_tim.o(.text)
    TIM_OC3PreloadConfig                     0x080024e1   Thumb Code    18  stm32f10x_tim.o(.text)
    TIM_OC4PreloadConfig                     0x080024f3   Thumb Code    26  stm32f10x_tim.o(.text)
    TIM_OC1FastConfig                        0x0800250d   Thumb Code    18  stm32f10x_tim.o(.text)
    TIM_OC2FastConfig                        0x0800251f   Thumb Code    26  stm32f10x_tim.o(.text)
    TIM_OC3FastConfig                        0x08002539   Thumb Code    18  stm32f10x_tim.o(.text)
    TIM_OC4FastConfig                        0x0800254b   Thumb Code    26  stm32f10x_tim.o(.text)
    TIM_ClearOC1Ref                          0x08002565   Thumb Code    18  stm32f10x_tim.o(.text)
    TIM_ClearOC2Ref                          0x08002577   Thumb Code    24  stm32f10x_tim.o(.text)
    TIM_ClearOC3Ref                          0x0800258f   Thumb Code    18  stm32f10x_tim.o(.text)
    TIM_ClearOC4Ref                          0x080025a1   Thumb Code    24  stm32f10x_tim.o(.text)
    TIM_OC1PolarityConfig                    0x080025b9   Thumb Code    18  stm32f10x_tim.o(.text)
    TIM_OC1NPolarityConfig                   0x080025cb   Thumb Code    18  stm32f10x_tim.o(.text)
    TIM_OC2PolarityConfig                    0x080025dd   Thumb Code    26  stm32f10x_tim.o(.text)
    TIM_OC2NPolarityConfig                   0x080025f7   Thumb Code    26  stm32f10x_tim.o(.text)
    TIM_OC3PolarityConfig                    0x08002611   Thumb Code    26  stm32f10x_tim.o(.text)
    TIM_OC3NPolarityConfig                   0x0800262b   Thumb Code    26  stm32f10x_tim.o(.text)
    TIM_OC4PolarityConfig                    0x08002645   Thumb Code    26  stm32f10x_tim.o(.text)
    TIM_CCxCmd                               0x0800265f   Thumb Code    30  stm32f10x_tim.o(.text)
    TIM_CCxNCmd                              0x0800267d   Thumb Code    30  stm32f10x_tim.o(.text)
    TIM_SelectOCxM                           0x0800269b   Thumb Code    82  stm32f10x_tim.o(.text)
    TIM_UpdateDisableConfig                  0x080026ed   Thumb Code    24  stm32f10x_tim.o(.text)
    TIM_UpdateRequestConfig                  0x08002705   Thumb Code    24  stm32f10x_tim.o(.text)
    TIM_SelectHallSensor                     0x0800271d   Thumb Code    24  stm32f10x_tim.o(.text)
    TIM_SelectOnePulseMode                   0x08002735   Thumb Code    18  stm32f10x_tim.o(.text)
    TIM_SelectOutputTrigger                  0x08002747   Thumb Code    18  stm32f10x_tim.o(.text)
    TIM_SelectSlaveMode                      0x08002759   Thumb Code    18  stm32f10x_tim.o(.text)
    TIM_SelectMasterSlaveMode                0x0800276b   Thumb Code    18  stm32f10x_tim.o(.text)
    TIM_SetCounter                           0x0800277d   Thumb Code     4  stm32f10x_tim.o(.text)
    TIM_SetAutoreload                        0x08002781   Thumb Code     4  stm32f10x_tim.o(.text)
    TIM_SetCompare1                          0x08002785   Thumb Code     4  stm32f10x_tim.o(.text)
    TIM_SetCompare2                          0x08002789   Thumb Code     4  stm32f10x_tim.o(.text)
    TIM_SetCompare3                          0x0800278d   Thumb Code     4  stm32f10x_tim.o(.text)
    TIM_SetCompare4                          0x08002791   Thumb Code     6  stm32f10x_tim.o(.text)
    TIM_SetClockDivision                     0x08002797   Thumb Code    18  stm32f10x_tim.o(.text)
    TIM_GetCapture1                          0x080027a9   Thumb Code     6  stm32f10x_tim.o(.text)
    TIM_GetCapture2                          0x080027af   Thumb Code     6  stm32f10x_tim.o(.text)
    TIM_GetCapture3                          0x080027b5   Thumb Code     6  stm32f10x_tim.o(.text)
    TIM_GetCapture4                          0x080027bb   Thumb Code     8  stm32f10x_tim.o(.text)
    TIM_GetCounter                           0x080027c3   Thumb Code     6  stm32f10x_tim.o(.text)
    TIM_GetPrescaler                         0x080027c9   Thumb Code     6  stm32f10x_tim.o(.text)
    TIM_GetFlagStatus                        0x080027cf   Thumb Code    18  stm32f10x_tim.o(.text)
    TIM_ClearFlag                            0x080027e1   Thumb Code     6  stm32f10x_tim.o(.text)
    TIM_GetITStatus                          0x080027e7   Thumb Code    34  stm32f10x_tim.o(.text)
    TIM_ClearITPendingBit                    0x08002809   Thumb Code     6  stm32f10x_tim.o(.text)
    NVIC_PriorityGroupConfig                 0x08002811   Thumb Code    10  misc.o(.text)
    NVIC_Init                                0x0800281b   Thumb Code   100  misc.o(.text)
    NVIC_SetVectorTable                      0x0800287f   Thumb Code    14  misc.o(.text)
    NVIC_SystemLPConfig                      0x0800288d   Thumb Code    34  misc.o(.text)
    SysTick_CLKSourceConfig                  0x080028af   Thumb Code    40  misc.o(.text)
    ADC_DeInit                               0x080028ed   Thumb Code    78  stm32f10x_adc.o(.text)
    ADC_Init                                 0x0800293b   Thumb Code    70  stm32f10x_adc.o(.text)
    ADC_StructInit                           0x08002981   Thumb Code    18  stm32f10x_adc.o(.text)
    ADC_Cmd                                  0x08002993   Thumb Code    22  stm32f10x_adc.o(.text)
    ADC_DMACmd                               0x080029a9   Thumb Code    22  stm32f10x_adc.o(.text)
    ADC_ITConfig                             0x080029bf   Thumb Code    24  stm32f10x_adc.o(.text)
    ADC_ResetCalibration                     0x080029d7   Thumb Code    10  stm32f10x_adc.o(.text)
    ADC_GetResetCalibrationStatus            0x080029e1   Thumb Code    20  stm32f10x_adc.o(.text)
    ADC_StartCalibration                     0x080029f5   Thumb Code    10  stm32f10x_adc.o(.text)
    ADC_GetCalibrationStatus                 0x080029ff   Thumb Code    20  stm32f10x_adc.o(.text)
    ADC_SoftwareStartConvCmd                 0x08002a13   Thumb Code    22  stm32f10x_adc.o(.text)
    ADC_GetSoftwareStartConvStatus           0x08002a29   Thumb Code    20  stm32f10x_adc.o(.text)
    ADC_DiscModeChannelCountConfig           0x08002a3d   Thumb Code    24  stm32f10x_adc.o(.text)
    ADC_DiscModeCmd                          0x08002a55   Thumb Code    22  stm32f10x_adc.o(.text)
    ADC_RegularChannelConfig                 0x08002a6b   Thumb Code   184  stm32f10x_adc.o(.text)
    ADC_ExternalTrigConvCmd                  0x08002b23   Thumb Code    22  stm32f10x_adc.o(.text)
    ADC_GetConversionValue                   0x08002b39   Thumb Code     8  stm32f10x_adc.o(.text)
    ADC_GetDualModeConversionValue           0x08002b41   Thumb Code     8  stm32f10x_adc.o(.text)
    ADC_AutoInjectedConvCmd                  0x08002b49   Thumb Code    22  stm32f10x_adc.o(.text)
    ADC_InjectedDiscModeCmd                  0x08002b5f   Thumb Code    22  stm32f10x_adc.o(.text)
    ADC_ExternalTrigInjectedConvConfig       0x08002b75   Thumb Code    16  stm32f10x_adc.o(.text)
    ADC_ExternalTrigInjectedConvCmd          0x08002b85   Thumb Code    22  stm32f10x_adc.o(.text)
    ADC_SoftwareStartInjectedConvCmd         0x08002b9b   Thumb Code    22  stm32f10x_adc.o(.text)
    ADC_GetSoftwareStartInjectedConvCmdStatus 0x08002bb1   Thumb Code    20  stm32f10x_adc.o(.text)
    ADC_InjectedChannelConfig                0x08002bc5   Thumb Code   130  stm32f10x_adc.o(.text)
    ADC_InjectedSequencerLengthConfig        0x08002c47   Thumb Code    24  stm32f10x_adc.o(.text)
    ADC_SetInjectedOffset                    0x08002c5f   Thumb Code    20  stm32f10x_adc.o(.text)
    ADC_GetInjectedConversionValue           0x08002c73   Thumb Code    28  stm32f10x_adc.o(.text)
    ADC_AnalogWatchdogCmd                    0x08002c8f   Thumb Code    16  stm32f10x_adc.o(.text)
    ADC_AnalogWatchdogThresholdsConfig       0x08002c9f   Thumb Code     6  stm32f10x_adc.o(.text)
    ADC_AnalogWatchdogSingleChannelConfig    0x08002ca5   Thumb Code    16  stm32f10x_adc.o(.text)
    ADC_TempSensorVrefintCmd                 0x08002cb5   Thumb Code    64  stm32f10x_adc.o(.text)
    ADC_GetFlagStatus                        0x08002cf5   Thumb Code    18  stm32f10x_adc.o(.text)
    ADC_ClearFlag                            0x08002d07   Thumb Code     6  stm32f10x_adc.o(.text)
    ADC_GetITStatus                          0x08002d0d   Thumb Code    36  stm32f10x_adc.o(.text)
    ADC_ClearITPendingBit                    0x08002d31   Thumb Code    10  stm32f10x_adc.o(.text)
    RCC_Init                                 0x08002d3d   Thumb Code   102  bsp.o(.text)
    GPIO_init                                0x08002da3   Thumb Code   320  bsp.o(.text)
    TIM3_Int_Init                            0x08002ee3   Thumb Code    82  bsp.o(.text)
    TIM8_PWM_Init                            0x08002f35   Thumb Code   178  bsp.o(.text)
    TIM_Configuration                        0x08002fe7   Thumb Code   100  bsp.o(.text)
    adc_init                                 0x0800304b   Thumb Code    94  bsp.o(.text)
    BSPINIT                                  0x080030a9   Thumb Code    46  bsp.o(.text)
    Get_Adc                                  0x080030d7   Thumb Code    46  bsp.o(.text)
    Get_Adc_Average                          0x08003105   Thumb Code    50  bsp.o(.text)
    direction                                0x08003169   Thumb Code    54  motorcontrol.o(.text)
    Stepper_motor                            0x0800319f   Thumb Code    20  motorcontrol.o(.text)
    get_ball                                 0x080031b3   Thumb Code   178  motorcontrol.o(.text)
    get_hold_ball                            0x08003265   Thumb Code    66  motorcontrol.o(.text)
    getfromhold                              0x080032a7   Thumb Code   222  motorcontrol.o(.text)
    high_lift                                0x08003385   Thumb Code    38  motorcontrol.o(.text)
    high_down                                0x080033ab   Thumb Code    40  motorcontrol.o(.text)
    queue_init                               0x080033f1   Thumb Code    14  queue.o(.text)
    queue_get                                0x080033ff   Thumb Code    32  queue.o(.text)
    queue_put                                0x0800341f   Thumb Code    30  queue.o(.text)
    queue_empty                              0x0800343d   Thumb Code    20  queue.o(.text)
    queue_full                               0x08003451   Thumb Code    32  queue.o(.text)
    usart1_config                            0x08003471   Thumb Code   160  bsp_usart1.o(.text)
    USART1_SendChar                          0x08003511   Thumb Code    28  bsp_usart1.o(.text)
    USART1_IRQHandler                        0x0800352d   Thumb Code    90  bsp_usart1.o(.text)
    Change_Baudrate                          0x08003587   Thumb Code    40  bsp_usart1.o(.text)
    fputc                                    0x080035af   Thumb Code    32  bsp_usart1.o(.text)
    fgetc                                    0x080035cf   Thumb Code    26  bsp_usart1.o(.text)
    __aeabi_memcpy4                          0x080035f9   Thumb Code     0  rt_memcpy_w.o(.text)
    __aeabi_memcpy8                          0x080035f9   Thumb Code     0  rt_memcpy_w.o(.text)
    __rt_memcpy_w                            0x080035f9   Thumb Code   100  rt_memcpy_w.o(.text)
    _memcpy_lastbytes_aligned                0x08003641   Thumb Code     0  rt_memcpy_w.o(.text)
    __aeabi_memclr4                          0x0800365d   Thumb Code     0  rt_memclr_w.o(.text)
    __aeabi_memclr8                          0x0800365d   Thumb Code     0  rt_memclr_w.o(.text)
    __rt_memclr_w                            0x0800365d   Thumb Code    78  rt_memclr_w.o(.text)
    _memset_w                                0x08003661   Thumb Code     0  rt_memclr_w.o(.text)
    __use_two_region_memory                  0x080036ab   Thumb Code     2  heapauxi.o(.text)
    __rt_heap_escrow$2region                 0x080036ad   Thumb Code     2  heapauxi.o(.text)
    __rt_heap_expand$2region                 0x080036af   Thumb Code     2  heapauxi.o(.text)
    __user_setup_stackheap                   0x080036b1   Thumb Code    74  sys_stackheap_outer.o(.text)
    exit                                     0x080036fb   Thumb Code    12  exit.o(.text)
    __user_libspace                          0x08003709   Thumb Code     8  libspace.o(.text)
    __user_perproc_libspace                  0x08003709   Thumb Code     0  libspace.o(.text)
    __user_perthread_libspace                0x08003709   Thumb Code     0  libspace.o(.text)
    _sys_exit                                0x08003711   Thumb Code     8  sys_exit.o(.text)
    __I$use$semihosting                      0x0800371d   Thumb Code     0  use_no_semi.o(.text)
    __use_no_semihosting_swi                 0x0800371d   Thumb Code     2  use_no_semi.o(.text)
    __semihosting_library_function           0x0800371f   Thumb Code     0  indicate_semi.o(.text)
    __aeabi_fadd                             0x08003721   Thumb Code     0  faddsub_clz.o(x$fpl$fadd)
    _fadd                                    0x08003721   Thumb Code   196  faddsub_clz.o(x$fpl$fadd)
    __fpl_fnaninf                            0x080037e5   Thumb Code   140  fnaninf.o(x$fpl$fnaninf)
    __fpl_fretinf                            0x08003871   Thumb Code    10  fretinf.o(x$fpl$fretinf)
    __aeabi_fsub                             0x0800387d   Thumb Code     0  faddsub_clz.o(x$fpl$fsub)
    _fsub                                    0x0800387d   Thumb Code   234  faddsub_clz.o(x$fpl$fsub)
    __I$use$fp                               0x08003966   Number         0  usenofp.o(x$fpl$usenofp)
    Region$$Table$$Base                      0x08003968   Number         0  anon$$obj.o(Region$$Table)
    Region$$Table$$Limit                     0x08003988   Number         0  anon$$obj.o(Region$$Table)
    x                                        0x20000004   Data           4  main.o(.data)
    y                                        0x20000008   Data           4  main.o(.data)
    w                                        0x2000000c   Data           4  main.o(.data)
    distance1                                0x20000010   Data           4  main.o(.data)
    distance2                                0x20000014   Data           4  main.o(.data)
    distance3                                0x20000018   Data           4  main.o(.data)
    distance4                                0x2000001c   Data           4  main.o(.data)
    hehe                                     0x20000020   Data           4  main.o(.data)
    time                                     0x20000026   Data           2  delay.o(.data)
    test                                     0x2000002c   Data           2  stm32f10x_it.o(.data)
    SystemCoreClock                          0x20000038   Data           4  system_stm32f10x.o(.data)
    AHBPrescTable                            0x2000003c   Data          16  system_stm32f10x.o(.data)
    adchehe                                  0x20000060   Data           4  bsp.o(.data)
    GPIO_InitStructure                       0x20000064   Data           4  bsp.o(.data)
    NVIC_InitStructure                       0x20000068   Data           4  bsp.o(.data)
    destpid_angle4                           0x2000006c   Data           4  motorcontrol.o(.data)
    step                                     0x20000070   Data           4  motorcontrol.o(.data)
    flag                                     0x20000074   Data           4  motorcontrol.o(.data)
    hold                                     0x20000078   Data           4  motorcontrol.o(.data)
    xx                                       0x2000007c   Data           4  bsp_usart1.o(.data)
    rx_queue                                 0x20000080   Data         140  main.o(.bss)
    radBufferRS485                           0x2000010c   Data          99  main.o(.bss)
    USART_InitStructure                      0x20000170   Data          16  bsp.o(.bss)
    TIM_ICInitStructure                      0x20000180   Data          10  bsp.o(.bss)
    TIM_TimeBaseStructure                    0x2000018a   Data          10  bsp.o(.bss)
    __libspace_start                         0x20000194   Data          96  libspace.o(.bss)
    __temporary_stack_top$libspace           0x200001f4   Data           0  libspace.o(.bss)



==============================================================================

Memory Map of the image

  Image Entry point : 0x08000131

  Load Region LR_IROM1 (Base: 0x08000000, Size: 0x00003a08, Max: 0x00080000, ABSOLUTE)

    Execution Region ER_IROM1 (Base: 0x08000000, Size: 0x00003988, Max: 0x00080000, ABSOLUTE)

    Base Addr    Size         Type   Attr      Idx    E Section Name        Object

    0x08000000   0x00000130   Data   RO          124    RESET               startup_stm32f10x_hd.o
    0x08000130   0x00000008   Code   RO          314  * !!!main             c_w.l(__main.o)
    0x08000138   0x00000034   Code   RO          479    !!!scatter          c_w.l(__scatter.o)
    0x0800016c   0x0000001a   Code   RO          481    !!handler_copy      c_w.l(__scatter_copy.o)
    0x08000186   0x00000002   PAD
    0x08000188   0x0000001c   Code   RO          483    !!handler_zi        c_w.l(__scatter_zi.o)
    0x080001a4   0x00000002   Code   RO          352    .ARM.Collect$$libinit$$00000000  c_w.l(libinit.o)
    0x080001a6   0x00000000   Code   RO          359    .ARM.Collect$$libinit$$00000002  c_w.l(libinit2.o)
    0x080001a6   0x00000000   Code   RO          362    .ARM.Collect$$libinit$$00000008  c_w.l(libinit2.o)
    0x080001a6   0x00000000   Code   RO          364    .ARM.Collect$$libinit$$0000000A  c_w.l(libinit2.o)
    0x080001a6   0x00000000   Code   RO          366    .ARM.Collect$$libinit$$0000000C  c_w.l(libinit2.o)
    0x080001a6   0x00000000   Code   RO          369    .ARM.Collect$$libinit$$0000000F  c_w.l(libinit2.o)
    0x080001a6   0x00000000   Code   RO          371    .ARM.Collect$$libinit$$00000011  c_w.l(libinit2.o)
    0x080001a6   0x00000000   Code   RO          373    .ARM.Collect$$libinit$$00000013  c_w.l(libinit2.o)
    0x080001a6   0x00000000   Code   RO          375    .ARM.Collect$$libinit$$00000015  c_w.l(libinit2.o)
    0x080001a6   0x00000000   Code   RO          377    .ARM.Collect$$libinit$$00000017  c_w.l(libinit2.o)
    0x080001a6   0x00000000   Code   RO          379    .ARM.Collect$$libinit$$00000019  c_w.l(libinit2.o)
    0x080001a6   0x00000000   Code   RO          381    .ARM.Collect$$libinit$$0000001B  c_w.l(libinit2.o)
    0x080001a6   0x00000000   Code   RO          383    .ARM.Collect$$libinit$$0000001D  c_w.l(libinit2.o)
    0x080001a6   0x00000000   Code   RO          385    .ARM.Collect$$libinit$$0000001F  c_w.l(libinit2.o)
    0x080001a6   0x00000000   Code   RO          387    .ARM.Collect$$libinit$$00000021  c_w.l(libinit2.o)
    0x080001a6   0x00000000   Code   RO          389    .ARM.Collect$$libinit$$00000023  c_w.l(libinit2.o)
    0x080001a6   0x00000000   Code   RO          393    .ARM.Collect$$libinit$$0000002A  c_w.l(libinit2.o)
    0x080001a6   0x00000000   Code   RO          395    .ARM.Collect$$libinit$$0000002C  c_w.l(libinit2.o)
    0x080001a6   0x00000000   Code   RO          397    .ARM.Collect$$libinit$$0000002E  c_w.l(libinit2.o)
    0x080001a6   0x00000000   Code   RO          399    .ARM.Collect$$libinit$$00000030  c_w.l(libinit2.o)
    0x080001a6   0x00000002   Code   RO          400    .ARM.Collect$$libinit$$00000031  c_w.l(libinit2.o)
    0x080001a8   0x00000002   Code   RO          420    .ARM.Collect$$libshutdown$$00000000  c_w.l(libshutdown.o)
    0x080001aa   0x00000000   Code   RO          434    .ARM.Collect$$libshutdown$$00000003  c_w.l(libshutdown2.o)
    0x080001aa   0x00000000   Code   RO          437    .ARM.Collect$$libshutdown$$00000006  c_w.l(libshutdown2.o)
    0x080001aa   0x00000000   Code   RO          440    .ARM.Collect$$libshutdown$$00000009  c_w.l(libshutdown2.o)
    0x080001aa   0x00000000   Code   RO          442    .ARM.Collect$$libshutdown$$0000000B  c_w.l(libshutdown2.o)
    0x080001aa   0x00000000   Code   RO          445    .ARM.Collect$$libshutdown$$0000000E  c_w.l(libshutdown2.o)
    0x080001aa   0x00000002   Code   RO          446    .ARM.Collect$$libshutdown$$0000000F  c_w.l(libshutdown2.o)
    0x080001ac   0x00000000   Code   RO          322    .ARM.Collect$$rtentry$$00000000  c_w.l(rtentry.o)
    0x080001ac   0x00000000   Code   RO          329    .ARM.Collect$$rtentry$$00000002  c_w.l(rtentry2.o)
    0x080001ac   0x00000006   Code   RO          341    .ARM.Collect$$rtentry$$00000004  c_w.l(rtentry4.o)
    0x080001b2   0x00000000   Code   RO          331    .ARM.Collect$$rtentry$$00000009  c_w.l(rtentry2.o)
    0x080001b2   0x00000004   Code   RO          332    .ARM.Collect$$rtentry$$0000000A  c_w.l(rtentry2.o)
    0x080001b6   0x00000000   Code   RO          334    .ARM.Collect$$rtentry$$0000000C  c_w.l(rtentry2.o)
    0x080001b6   0x00000008   Code   RO          335    .ARM.Collect$$rtentry$$0000000D  c_w.l(rtentry2.o)
    0x080001be   0x00000002   Code   RO          356    .ARM.Collect$$rtexit$$00000000  c_w.l(rtexit.o)
    0x080001c0   0x00000000   Code   RO          402    .ARM.Collect$$rtexit$$00000002  c_w.l(rtexit2.o)
    0x080001c0   0x00000004   Code   RO          403    .ARM.Collect$$rtexit$$00000003  c_w.l(rtexit2.o)
    0x080001c4   0x00000006   Code   RO          404    .ARM.Collect$$rtexit$$00000004  c_w.l(rtexit2.o)
    0x080001ca   0x00000002   PAD
    0x080001cc   0x00000990   Code   RO            1    .text               main.o
    0x08000b5c   0x000000b0   Code   RO           81    .text               delay.o
    0x08000c0c   0x000000c0   Code   RO           99    .text               stm32f10x_it.o
    0x08000ccc   0x00000040   Code   RO          125    .text               startup_stm32f10x_hd.o
    0x08000d0c   0x000001e0   Code   RO          140    .text               system_stm32f10x.o
    0x08000eec   0x0000035c   Code   RO          158    .text               stm32f10x_gpio.o
    0x08001248   0x000003a4   Code   RO          170    .text               stm32f10x_rcc.o
    0x080015ec   0x00000408   Code   RO          184    .text               stm32f10x_usart.o
    0x080019f4   0x00000e1a   Code   RO          196    .text               stm32f10x_tim.o
    0x0800280e   0x00000002   PAD
    0x08002810   0x000000dc   Code   RO          208    .text               misc.o
    0x080028ec   0x0000044e   Code   RO          220    .text               stm32f10x_adc.o
    0x08002d3a   0x00000002   PAD
    0x08002d3c   0x0000042c   Code   RO          232    .text               bsp.o
    0x08003168   0x00000288   Code   RO          253    .text               motorcontrol.o
    0x080033f0   0x00000080   Code   RO          272    .text               queue.o
    0x08003470   0x00000188   Code   RO          284    .text               bsp_usart1.o
    0x080035f8   0x00000064   Code   RO          308    .text               c_w.l(rt_memcpy_w.o)
    0x0800365c   0x0000004e   Code   RO          310    .text               c_w.l(rt_memclr_w.o)
    0x080036aa   0x00000006   Code   RO          312    .text               c_w.l(heapauxi.o)
    0x080036b0   0x0000004a   Code   RO          343    .text               c_w.l(sys_stackheap_outer.o)
    0x080036fa   0x0000000c   Code   RO          345    .text               c_w.l(exit.o)
    0x08003706   0x00000002   PAD
    0x08003708   0x00000008   Code   RO          353    .text               c_w.l(libspace.o)
    0x08003710   0x0000000c   Code   RO          412    .text               c_w.l(sys_exit.o)
    0x0800371c   0x00000002   Code   RO          423    .text               c_w.l(use_no_semi.o)
    0x0800371e   0x00000000   Code   RO          425    .text               c_w.l(indicate_semi.o)
    0x0800371e   0x00000002   PAD
    0x08003720   0x000000c4   Code   RO          316    x$fpl$fadd          fz_ws.l(faddsub_clz.o)
    0x080037e4   0x0000008c   Code   RO          323    x$fpl$fnaninf       fz_ws.l(fnaninf.o)
    0x08003870   0x0000000a   Code   RO          325    x$fpl$fretinf       fz_ws.l(fretinf.o)
    0x0800387a   0x00000002   PAD
    0x0800387c   0x000000ea   Code   RO          318    x$fpl$fsub          fz_ws.l(faddsub_clz.o)
    0x08003966   0x00000000   Code   RO          327    x$fpl$usenofp       fz_ws.l(usenofp.o)
    0x08003966   0x00000002   PAD
    0x08003968   0x00000020   Data   RO          477    Region$$Table       anon$$obj.o


    Execution Region RW_IRAM1 (Base: 0x20000000, Size: 0x000007f8, Max: 0x00010000, ABSOLUTE)

    Base Addr    Size         Type   Attr      Idx    E Section Name        Object

    0x20000000   0x00000026   Data   RW            3    .data               main.o
    0x20000026   0x00000006   Data   RW           82    .data               delay.o
    0x2000002c   0x0000000c   Data   RW          100    .data               stm32f10x_it.o
    0x20000038   0x00000014   Data   RW          141    .data               system_stm32f10x.o
    0x2000004c   0x00000014   Data   RW          171    .data               stm32f10x_rcc.o
    0x20000060   0x0000000c   Data   RW          234    .data               bsp.o
    0x2000006c   0x00000010   Data   RW          254    .data               motorcontrol.o
    0x2000007c   0x00000004   Data   RW          285    .data               bsp_usart1.o
    0x20000080   0x000000ef   Zero   RW            2    .bss                main.o
    0x2000016f   0x00000001   PAD
    0x20000170   0x00000024   Zero   RW          233    .bss                bsp.o
    0x20000194   0x00000060   Zero   RW          354    .bss                c_w.l(libspace.o)
    0x200001f4   0x00000004   PAD
    0x200001f8   0x00000200   Zero   RW          123    HEAP                startup_stm32f10x_hd.o
    0x200003f8   0x00000400   Zero   RW          122    STACK               startup_stm32f10x_hd.o


==============================================================================

Image component sizes


      Code (inc. data)   RO Data    RW Data    ZI Data      Debug   Object Name

      1068         50          0         12         36       3146   bsp.o
       392         16          0          4          0       1991   bsp_usart1.o
       176          8          0          6          0       1095   delay.o
      2448         62          0         38        239     265751   main.o
       220         22          0          0          0       1829   misc.o
       648         30          0         16          0       3205   motorcontrol.o
       128          0          0          0          0       1716   queue.o
        64         26        304          0       1536        848   startup_stm32f10x_hd.o
      1102         26          0          0          0      10865   stm32f10x_adc.o
       860         38          0          0          0       5677   stm32f10x_gpio.o
       192         42          0         12          0        965   stm32f10x_it.o
       932         36          0         20          0       8880   stm32f10x_rcc.o
      3610         88          0          0          0      22164   stm32f10x_tim.o
      1032         22          0          0          0       8400   stm32f10x_usart.o
       480         38          0         20          0       1911   system_stm32f10x.o

    ----------------------------------------------------------------------
     13356        504        336        128       1812     338443   Object Totals
         0          0         32          0          0          0   (incl. Generated)
         4          0          0          0          1          0   (incl. Padding)

    ----------------------------------------------------------------------

      Code (inc. data)   RO Data    RW Data    ZI Data      Debug   Library Member Name

         8          0          0          0          0         68   __main.o
        52          8          0          0          0          0   __scatter.o
        26          0          0          0          0          0   __scatter_copy.o
        28          0          0          0          0          0   __scatter_zi.o
        12          0          0          0          0         72   exit.o
         6          0          0          0          0        152   heapauxi.o
         0          0          0          0          0          0   indicate_semi.o
         2          0          0          0          0          0   libinit.o
         2          0          0          0          0          0   libinit2.o
         2          0          0          0          0          0   libshutdown.o
         2          0          0          0          0          0   libshutdown2.o
         8          4          0          0         96         68   libspace.o
        78          0          0          0          0         80   rt_memclr_w.o
       100          0          0          0          0         80   rt_memcpy_w.o
         0          0          0          0          0          0   rtentry.o
        12          0          0          0          0          0   rtentry2.o
         6          0          0          0          0          0   rtentry4.o
         2          0          0          0          0          0   rtexit.o
        10          0          0          0          0          0   rtexit2.o
        12          4          0          0          0         68   sys_exit.o
        74          0          0          0          0         80   sys_stackheap_outer.o
         2          0          0          0          0         68   use_no_semi.o
       430          8          0          0          0        168   faddsub_clz.o
       140          4          0          0          0         84   fnaninf.o
        10          0          0          0          0         68   fretinf.o
         0          0          0          0          0          0   usenofp.o

    ----------------------------------------------------------------------
      1036         28          0          0        100       1056   Library Totals
        12          0          0          0          4          0   (incl. Padding)

    ----------------------------------------------------------------------

      Code (inc. data)   RO Data    RW Data    ZI Data      Debug   Library Name

       444         16          0          0         96        736   c_w.l
       580         12          0          0          0        320   fz_ws.l

    ----------------------------------------------------------------------
      1036         28          0          0        100       1056   Library Totals

    ----------------------------------------------------------------------

==============================================================================


      Code (inc. data)   RO Data    RW Data    ZI Data      Debug   

     14392        532        336        128       1912     337831   Grand Totals
     14392        532        336        128       1912     337831   ELF Image Totals
     14392        532        336        128          0          0   ROM Totals

==============================================================================

    Total RO  Size (Code + RO Data)                14728 (  14.38kB)
    Total RW  Size (RW Data + ZI Data)              2040 (   1.99kB)
    Total ROM Size (Code + RO Data + RW Data)      14856 (  14.51kB)

==============================================================================

