<html>
<body>
<pre>
<h1>礦ision Build Log</h1>
<h2>Project:</h2>
H:\新建文件夹\篮球步进电机232无FPGA加红外\USER\第一个练习.uvproj
Project File Date:  07/19/2015

<h2>Output:</h2>
Build target 'Target 1'
compiling main.c...
main.c(224): warning:  #550-D: variable "rx" was set but never used
linking...
Program Size: Code=14528 RO-data=336 RW-data=132 ZI-data=1908  
FromELF: creating hex file...
"..\Output\第一个练习.axf" - 0 Errors, 1 Warning(s).
Build target 'Target 1'
linking...
Program Size: Code=14528 RO-data=336 RW-data=132 ZI-data=1908  
FromELF: creating hex file...
"..\Output\第一个练习.axf" - 0 Errors, 0 Warning(s).
Build target 'Target 1'
compiling main.c...
main.c(248): warning:  #550-D: variable "rx" was set but never used
linking...
Program Size: Code=14676 RO-data=336 RW-data=132 ZI-data=1908  
FromELF: creating hex file...
"..\Output\第一个练习.axf" - 0 Errors, 1 Warning(s).
Build target 'Target 1'
compiling motorcontrol.c...
linking...
Program Size: Code=14676 RO-data=336 RW-data=132 ZI-data=1908  
FromELF: creating hex file...
"..\Output\第一个练习.axf" - 0 Errors, 0 Warning(s).
